[rentit.wpmix.net/index.html]
[backblue.gif]
[fade.gif]
[index.html]
[rentit.wpmix.net/wp-content/plugins/woocommerce/assets/css/woocommerce-layoutc141.css]
[rentit.wpmix.net/feed/index.html]
[rentit.wpmix.net/wp-content/plugins/woocommerce/assets/css/woocommerce-smallscreenc141.css]
[rentit.wpmix.net/wp-content/plugins/woocommerce/assets/css/woocommercec141.css]
[rentit.wpmix.net/comments/feed/index.html]
[rentit.wpmix.net/wp-content/plugins/js_composer/assets/css/js_composer.min0147.css]
[rentit.wpmix.net/wp-content/themes/rentit/js/bootstrap/css/bootstrap.min67d0.css]
[rentit.wpmix.net/wp-content/themes/rentit/js/bootstrap-select/css/bootstrap-select.min67d0.css]
[rentit.wpmix.net/wp-content/themes/rentit/js/fontawesome/css/font-awesome.min67d0.css]
[rentit.wpmix.net/wp-content/themes/rentit/js/prettyphoto/css/prettyPhoto67d0.css]
[rentit.wpmix.net/wp-content/themes/rentit/js/owl-carousel2/assets/owl.carousel.min67d0.css]
[rentit.wpmix.net/wp-content/themes/rentit/js/owl-carousel2/assets/owl.theme.default.min67d0.css]
[rentit.wpmix.net/wp-content/themes/rentit/js/animate/animate.min67d0.css]
[rentit.wpmix.net/wp-content/themes/rentit/js/swiper/css/swiper.min67d0.css]
[rentit.wpmix.net/wp-content/themes/rentit/js/datetimepicker/css/bootstrap-datetimepicker.min67d0.css]
[rentit.wpmix.net/wp-content/themes/rentit/css/theme67d0.css]
[rentit.wpmix.net/wp-content/themes/rentit/style67d0.css]
[rentit.wpmix.net/wp-content/themes/rentit/css/jquery-ui67d0.css]
[rentit.wpmix.net/wp-content/plugins/woocommerce/assets/js/frontend/add-to-cart.minc141.js]
[rentit.wpmix.net/wp-includes/js/jquery/jquery-migrate.min330a.js]
[rentit.wpmix.net/wp-content/plugins/js_composer/assets/js/vendors/woocommerce-add-to-cart0147.js]
[rentit.wpmix.net/xmlrpc0db0.php]
[rentit.wpmix.net/wp-includes/wlwmanifest.xml]
[rentit.wpmix.net/wp-includes/js/jquery/jqueryb8ff.js]
[rentit.wpmix.net/wp-json/oembed/1.0/embed7e60.json]
[rentit.wpmix.net/wp-json/oembed/1.0/embed91a4]
[rentit.wpmix.net/wp-content/themes/rentit/img/logo-rentit.png]
[rentit.wpmix.net/wp-json/index.html]
[rentit.wpmix.net/aaaaa]
[rentit.wpmix.net/home-5/index.html]
[rentit.wpmix.net/home-2/index.html]
[rentit.wpmix.net/wp-content/uploads/bfi_thumb/slide-1-mveoo0jiz5xqdgjdhs05oon5izl53sdy4n9nc4ct9k.jpg]
[rentit.wpmix.net/home-6/index.html]
[rentit.wpmix.net/home-3/index.html]
[rentit.wpmix.net/shop/index.html]
[rentit.wpmix.net/wp-content/uploads/bfi_thumb/slide-2-mveoo2f7cu0b0ogn6steto62prbvj6leswkmaoa0x4.jpg]
[rentit.wpmix.net/home-4/index.html]
[rentit.wpmix.net/shop/indexb92a.html]
[rentit.wpmix.net/wp-content/uploads/bfi_thumb/slide-3-mveoo74eb06qmq9tfcujo4zdoooplo42hju1p23220.jpg]
[rentit.wpmix.net/shop/indexe9dc.html]
[rentit.wpmix.net/shop/index34e3.html]
[rentit.wpmix.net/wp-content/uploads/bfi_thumb/slide-4-mveonxq0entvemngy8s9z7crqtz1gp2r49b6wagzs8.jpg]
[rentit.wpmix.net/faqs/index.html]
[rentit.wpmix.net/portfolio/index.html]
[rentit.wpmix.net/wp-content/uploads/2015/10/shutterstock_229284226.jpg]
[rentit.wpmix.net/portfolio/index4b6c.html]
[rentit.wpmix.net/portfolio/indexf09f.html]
[rentit.wpmix.net/wp-content/uploads/bfi_thumb/shutterstock_229284226-mveonq6u7693j5de8uuef8xlxql8kcf948apf4qywc.jpg]
[rentit.wpmix.net/portfolio/ut-enim-ad/index.html]
[rentit.wpmix.net/wp-content/uploads/2015/10/shutterstock_227261371.jpg]
[rentit.wpmix.net/typography/index.html]
[rentit.wpmix.net/wp-content/uploads/bfi_thumb/shutterstock_227261371-mveonndbmo58kbhhpbmiprn85kz4x9423uc8zav5f0.jpg]
[rentit.wpmix.net/shortcodes/index.html]
[rentit.wpmix.net/wp-content/uploads/2015/10/shutterstock_217890688.jpg]
[rentit.wpmix.net/coming-soon/index.html]
[rentit.wpmix.net/wp-content/uploads/bfi_thumb/shutterstock_217890688-mveonob5ti6ivxg4ju15a9eoqyui4y7sfyzqgktr8s.jpg]
[rentit.wpmix.net/product/vw-polo-1-6-tdi-comfortline-4/index.html]
[rentit.wpmix.net/wp-content/uploads/2015/10/car-370x220x7.jpg]
[rentit.wpmix.net/about-us/index.html]
[rentit.wpmix.net/wp-content/uploads/bfi_thumb/car-370x220x7-mveonp8xteekl34m1y3562r3pg7gj0pxqyom33ucfw.jpg]
[rentit.wpmix.net/login/index.html]
[rentit.wpmix.net/wp-content/uploads/2015/10/car-370x220x9.jpg]
[rentit.wpmix.net/blog/index.html]
[rentit.wpmix.net/wp-content/uploads/bfi_thumb/car-370x220x9-mveonr4m72h58b1vqyweb2a0w7y6yexef7zl1nrk3g.jpg]
[rentit.wpmix.net/blog/index6d66.html]
[rentit.wpmix.net/wp-content/uploads/2015/10/car-370x220x10.jpg]
[rentit.wpmix.net/blog/index8673.html]
[rentit.wpmix.net/wp-content/uploads/bfi_thumb/car-370x220x10-mveonnd9fqbzxv7ccx9w1386iogq3mih2pdn4jx4sc.jpg]
[rentit.wpmix.net/contact-us/index.html]
[rentit.wpmix.net/wp-content/uploads/2015/10/rentit-car-from-unsplash.jpg]
[rentit.wpmix.net/2015/10/12/professional-car-rental-2/index.html]
[rentit.wpmix.net/product/honda-civic-elegance-4/index.html]
[rentit.wpmix.net/wp-content/uploads/bfi_thumb/rentit-car-from-unsplash-mveonp8xteekl34m1y3562r3pg7gj0pxqyom33ucfw.jpg]
[rentit.wpmix.net/product/renoult-megane-4/index.html]
[rentit.wpmix.net/wp-content/uploads/2015/10/car-600x426x2.jpg]
[rentit.wpmix.net/product/vw-polo-1-6-tdi-comfortline-3/index.html]
[rentit.wpmix.net/wp-content/uploads/bfi_thumb/car-600x426x2-mveonq6s08fuwp38wghrqkikau2tqpto33c3kdsy9o.jpg]
[rentit.wpmix.net/wp-content/uploads/2015/10/car-370x220x6.jpg]
[rentit.wpmix.net/product/honda-civic-elegance-3/index.html]
[rentit.wpmix.net/wp-content/uploads/bfi_thumb/car-370x220x6-mveonmff8wapm98piev9glgpxalcvxeqqkq5n9yiyk.jpg]
[rentit.wpmix.net/wp-content/uploads/2016/01/546abeb9a10ea_-_001bmwx5m-71596909-lg.jpg]
[rentit.wpmix.net/product/vw-polo-1-6-tdi-comfortline/index.html]
[rentit.wpmix.net/wp-content/uploads/bfi_thumb/546abeb9a10ea_-_001bmwx5m-71596909-lg-mveoo73vf930poeo5nt1zg8uzrrfl9ou5f2u7d3v5o.jpg]
[rentit.wpmix.net/product/toyota-corolla-1-6-elegant-5/index.html]
[rentit.wpmix.net/wp-content/uploads/2015/10/car-370x220x5.jpg]
[rentit.wpmix.net/product/vw-polo-trendline-2-0-tdi-4/index.html]
[rentit.wpmix.net/wp-content/uploads/bfi_thumb/car-370x220x5-mveonq6s08fuwp38wghrqkikau2tqpto33c3kdsy9o.jpg]
[rentit.wpmix.net/wp-content/uploads/bfi_thumb/testimonial-140x140x1-mveonnd6mv4zvopr9xfn421yo6luytvz6giptgyhdk.jpg]
[rentit.wpmix.net/wp-content/uploads/bfi_thumb/team-270x270x3-150x150-mveonq6p7d8uuilntgnitjccgc7ylx766uh69auauw.jpg]
[rentit.wpmix.net/wp-content/uploads/bfi_thumb/team-270x270x4-150x150-mveonp8v0j7kiwn0yy8w91kvuycle83fuptos0vp14.jpg]
[rentit.wpmix.net/wp-content/uploads/bfi_thumb/car-370x220x7-mveonp8u5u22eaxevpn2rse14tegbzufqgm2h1jn0c.jpg]
[rentit.wpmix.net/wp-content/uploads/bfi_thumb/rentit-car-from-unsplash-mveonp8u5u22eaxevpn2rse14tegbzufqgm2h1jn0c.jpg]
[rentit.wpmix.net/wp-content/uploads/bfi_thumb/car-600x426x2-mveonq6oco3cpww1q81pca5hq79tjoy62l9jybi8u4.jpg]
[rentit.wpmix.net/wp-content/uploads/bfi_thumb/244657580_peugeot_407_2004_03-mveoo2ektik2wueaqvbuqp2hg7llbraog9qv6x04l8.jpg]
[rentit.wpmix.net/wp-content/uploads/bfi_thumb/car-370x220x7-mveonp90m9m6c1zxxkxebub4rf7z7nn373rn54iv8k.jpg]
[rentit.wpmix.net/wp-content/uploads/bfi_thumb/rentit-car-from-unsplash-mveonp90m9m6c1zxxkxebub4rf7z7nn373rn54iv8k.jpg]
[rentit.wpmix.net/wp-content/uploads/bfi_thumb/car-600x426x2-mveonq6ut3ngnnyks3c0wc2lct3cfcqtj8f4mehh2c.jpg]
[rentit.wpmix.net/wp-content/uploads/2016/01/244657580_peugeot_407_2004_03.jpg]
[rentit.wpmix.net/wp-content/uploads/bfi_thumb/244657580_peugeot_407_2004_03-mveoo2er9y46ulgtsqm6aqzl2tf47f3bwwwfuzzctg.jpg]
[rentit.wpmix.net/wp-content/uploads/bfi_thumb/546abeb9a10ea_-_001bmwx5m-71596909-lg-mveoo73y84amgna01anb57sw1qry9wlzlk5v9dsdyc.jpg]
[rentit.wpmix.net/wp-content/uploads/2016/01/image-bfbf7f92-980x550.jpg]
[rentit.wpmix.net/wp-content/uploads/bfi_thumb/image-bfbf7f92-980x550-mveoo6641a9c51bd6s8okq1fgcwl27i99fids3ts4k.jpg]
[rentit.wpmix.net/wp-content/uploads/2016/01/2015-bmw-x5-series_100487699_m.jpg]
[rentit.wpmix.net/wp-content/uploads/bfi_thumb/2015-bmw-x5-series_100487699_m-mveonzl8pg0bvrkx97eal9p7ant0kbs4wixzf63jc4.jpg]
[rentit.wpmix.net/wp-content/uploads/bfi_thumb/car-370x220x9-mveonr4ozxoqz9x7mlqngtu1y6ypn1ujvd2m3og2w4.jpg]
[rentit.wpmix.net/wp-content/uploads/2016/01/2016-GLE-CLASS-COUPE-FUTURE-GALLERY-010-GOE-D.jpg]
[rentit.wpmix.net/wp-content/uploads/bfi_thumb/2016-GLE-CLASS-COUPE-FUTURE-GALLERY-010-GOE-D-mveoo589ug81tfcqc9u2089yuz17uieixauwatv6as.jpg]
[rentit.wpmix.net/wp-content/uploads/bfi_thumb/car-370x220x10-mveonndc8ljlou2o8k456us7knh8s9fmiugo6klnl0.jpg]
[rentit.wpmix.net/wp-content/uploads/2015/10/car-600x426x1.jpg]
[rentit.wpmix.net/wp-content/uploads/bfi_thumb/car-600x426x1-mveonob6ffkw0g1b32irrcjo61clzyjcuz45nuk9es.jpg]
[rentit.wpmix.net/wp-content/uploads/2016/01/Peugeot407sedan2.jpg]
[rentit.wpmix.net/wp-content/uploads/bfi_thumb/Peugeot407sedan2-mveoo6641a9c51bd6s8okq1fgcwl27i99fids3ts4k.jpg]
[rentit.wpmix.net/wp-content/uploads/2016/01/48cf1095820bc671-main.jpg]
[rentit.wpmix.net/wp-content/uploads/bfi_thumb/48cf1095820bc671-main-mveonvtvy3v6lbqdv5rsbancx4bjpjd7k0c1i29410.jpg]
[rentit.wpmix.net/wp-content/uploads/bfi_thumb/car-370x220x6-mveonmfi1ribd841e1pimd0qz9lvkkbw6pt6pan1r8.jpg]
[rentit.wpmix.net/wp-content/uploads/2016/01/1418212929_2016-mercedes-benz-gle-coupe-2556.jpg]
[rentit.wpmix.net/product/renoult-megane-3/index.html]
[rentit.wpmix.net/wp-content/uploads/bfi_thumb/1418212929_2016-mercedes-benz-gle-coupe-2556-mveoo3clgs5h67fgn90sv8r1o7ahf47291jxc9xyn8.jpg]
[rentit.wpmix.net/wp-content/uploads/2016/01/opel-astra-2010-17.jpg]
[rentit.wpmix.net/wp-content/uploads/bfi_thumb/opel-astra-2010-17-mveonzl8pg0bvrkx97eal9p7ant0kbs4wixzf63jc4.jpg]
[rentit.wpmix.net/wp-content/uploads/2016/01/suzuki-3.jpg]
[rentit.wpmix.net/wp-content/uploads/bfi_thumb/suzuki-3-mveonxpkbrxr8jnnk6l1ga6a3w2a4xko89n0gm6bok.jpg]
[rentit.wpmix.net/wp-content/uploads/2016/01/hw0724011.png]
[rentit.wpmix.net/wp-content/uploads/bfi_thumb/hw0724011-mveoo4afnm6rhte3hrfffqii9l5umtasl67etjwkh0.png]
[rentit.wpmix.net/wp-content/uploads/2016/01/Peugeot-SR1-Concept-Car-01.jpg]
[rentit.wpmix.net/product/vw-polo-trendline-2-0-tdi-3/index.html]
[rentit.wpmix.net/wp-content/uploads/bfi_thumb/Peugeot-SR1-Concept-Car-01-mveonuw1r9tw9prr0nd5qsvwbqg6hu9h7vok0sai78.jpg]
[rentit.wpmix.net/wp-content/uploads/2016/01/peugeot-rcz-11-05-11.jpg]
[rentit.wpmix.net/wp-content/uploads/bfi_thumb/peugeot-rcz-11-05-11-mveoo0j2wa1m7djk3psx5rgnw1ods0vv8nlgwg255w.jpg]
[rentit.wpmix.net/product/toyota-corolla-1-6-elegant-4/index.html]
[rentit.wpmix.net/wp-content/uploads/bfi_thumb/car-370x220x5-mveonq6ut3ngnnyks3c0wc2lct3cfcqtj8f4mehh2c.jpg]
[rentit.wpmix.net/wp-content/uploads/2016/01/peugeot-sr1-concept.jpg]
[rentit.wpmix.net/product/vw-polo-1-6-tdi-comfortline-2/index.html]
[rentit.wpmix.net/wp-content/uploads/bfi_thumb/peugeot-sr1-concept-mveonxpkbrxr8jnnk6l1ga6a3w2a4xko89n0gm6bok.jpg]
[rentit.wpmix.net/wp-content/themes/rentit/js/infobox.js]
[rentit.wpmix.net/wp-content/uploads/bfi_thumb/12-mveonndbov2jbjxu1a30kmtj940ga81yetpp81s8hy.jpg]
[rentit.wpmix.net/2015/10/17/sample-post-with-featured-image/index.html]
[rentit.wpmix.net/wp-content/uploads/bfi_thumb/shutterstock_227261371-mveonndbov2jbjxu1a30kmtj940ga81yetpp81s8hy.jpg]
[rentit.wpmix.net/wp-content/uploads/2015/10/shutterstock_229284226-150x150.jpg]
[rentit.wpmix.net/cdn-cgi/l/email-protection.html]
[rentit.wpmix.net/wp-content/uploads/2015/10/team-270x270x2-150x150.jpg]
[rentit.wpmix.net/author/admin/index.html]
[rentit.wpmix.net/2015/10/12/professional-car-rental/index.html]
[rentit.wpmix.net/wp-content/uploads/2015/10/team-270x270x1-150x150.jpg]
[rentit.wpmix.net/wp-content/uploads/2015/10/team-270x270x4-150x150.jpg]
[rentit.wpmix.net/wp-content/plugins/woocommerce/assets/js/jquery-blockui/jquery.blockUI.min44fd.js]
[rentit.wpmix.net/author/cpadmin/index.html]
[rentit.wpmix.net/wp-content/plugins/woocommerce/assets/js/frontend/woocommerce.minc141.js]
[rentit.wpmix.net/wp-content/plugins/woocommerce/assets/js/jquery-cookie/jquery.cookie.min330a.js]
[rentit.wpmix.net/wp-content/plugins/woocommerce/assets/js/frontend/cart-fragments.minc141.js]
[rentit.wpmix.net/wp-includes/js/jquery/ui/core.mine899.js]
[rentit.wpmix.net/wp-includes/js/jquery/ui/widget.mine899.js]
[rentit.wpmix.net/wp-includes/js/jquery/ui/mouse.mine899.js]
[rentit.wpmix.net/wp-includes/js/jquery/ui/slider.mine899.js]
[rentit.wpmix.net/wp-includes/js/jquery/ui/datepicker.mine899.js]
[rentit.wpmix.net/wp-content/themes/rentit/js/bootstrap/js/bootstrap68b3.js]
[rentit.wpmix.net/wp-content/themes/rentit/js/bootstrap-select/js/bootstrap-select.min68b3.js]
[rentit.wpmix.net/wp-content/themes/rentit/js/superfish/js/superfish.min68b3.js]
[rentit.wpmix.net/wp-content/themes/rentit/js/prettyphoto/js/jquery.prettyPhoto68b3.js]
[rentit.wpmix.net/wp-content/themes/rentit/js/jquery.sticky.min68b3.js]
[rentit.wpmix.net/wp-content/themes/rentit/js/owl-carousel2/owl.carousel.min68b3.js]
[rentit.wpmix.net/wp-content/themes/rentit/js/jquery.easing.min68b3.js]
[rentit.wpmix.net/wp-content/themes/rentit/js/jquery.smoothscroll.min68b3.js]
[rentit.wpmix.net/wp-content/themes/rentit/js/theme-ajax-mail68b3.js]
[rentit.wpmix.net/wp-content/themes/rentit/js/datetimepicker/js/bootstrap-datetimepicker.min68b3.js]
[rentit.wpmix.net/wp-content/themes/rentit/js/swiper/js/swiper.jquery.min68b3.js]
[rentit.wpmix.net/wp-content/themes/rentit/js/theme68b3.js]
[rentit.wpmix.net/wp-content/themes/rentit/js/main68b3.js]
[rentit.wpmix.net/wp-content/themes/rentit/js/clustern68b3.js]
[rentit.wpmix.net/wp-content/themes/rentit/js/map_init68b3.js]
[rentit.wpmix.net/wp-content/themes/rentit/js/bootstrap-typeahead68b3.js]
[rentit.wpmix.net/wp-content/themes/rentit/js/countdown/jquery.plugin.min68b3.js]
[rentit.wpmix.net/wp-content/themes/rentit/js/datetimepicker/js/moment-with-locales.min68b3.js]
[rentit.wpmix.net/wp-content/themes/rentit/js/countdown/jquery.countdown.min68b3.js]
[rentit.wpmix.net/wp-includes/js/wp-embed.min67d0.js]
[rentit.wpmix.net/index.html]
[rentit.wpmix.net/wp-content/plugins/woocommerce/assets/css/woocommerce-layoutc141.css]
[rentit.wpmix.net/wp-content/plugins/woocommerce/assets/css/woocommerce-smallscreenc141.css]
[rentit.wpmix.net/wp-content/plugins/js_composer/assets/js/dist/js_composer_front.min0147.js]
[rentit.wpmix.net/wp-content/plugins/woocommerce/assets/fonts/star.eot]
[rentit.wpmix.net/wp-content/plugins/woocommerce/assets/fonts/star.woff]
[rentit.wpmix.net/wp-content/plugins/woocommerce/assets/fonts/star.ttf]
[rentit.wpmix.net/wp-content/plugins/woocommerce/assets/fonts/stard41d.eot]
[rentit.wpmix.net/wp-content/plugins/woocommerce/assets/fonts/star.svg]
[rentit.wpmix.net/wp-content/plugins/woocommerce/assets/fonts/WooCommerce.eot]
[rentit.wpmix.net/wp-content/plugins/woocommerce/assets/fonts/WooCommerce.woff]
[rentit.wpmix.net/wp-content/plugins/woocommerce/assets/fonts/WooCommerce.ttf]
[rentit.wpmix.net/wp-content/plugins/woocommerce/assets/fonts/WooCommerce.svg]
[rentit.wpmix.net/wp-content/plugins/woocommerce/assets/images/icons/loader.svg]
[rentit.wpmix.net/wp-content/plugins/woocommerce/assets/images/icons/credit-cards/visa.svg]
[rentit.wpmix.net/wp-content/plugins/woocommerce/assets/fonts/WooCommerced41d.eot]
[rentit.wpmix.net/wp-content/plugins/woocommerce/assets/images/icons/credit-cards/mastercard.svg]
[rentit.wpmix.net/wp-content/plugins/woocommerce/assets/images/icons/credit-cards/laser.svg]
[rentit.wpmix.net/wp-content/plugins/woocommerce/assets/images/icons/credit-cards/diners.svg]
[rentit.wpmix.net/wp-content/plugins/woocommerce/assets/images/icons/credit-cards/maestro.svg]
[rentit.wpmix.net/wp-content/plugins/woocommerce/assets/images/icons/credit-cards/jcb.svg]
[rentit.wpmix.net/wp-content/plugins/woocommerce/assets/images/icons/credit-cards/amex.svg]
[rentit.wpmix.net/wp-content/plugins/woocommerce/assets/css/woocommercec141.css]
[rentit.wpmix.net/wp-content/plugins/woocommerce/assets/images/icons/credit-cards/discover.svg]
[rentit.wpmix.net/wp-content/plugins/js_composer/assets/vc/alert.png]
[rentit.wpmix.net/wp-content/plugins/js_composer/assets/vc/info.png]
[rentit.wpmix.net/wp-content/plugins/js_composer/assets/vc/tick.png]
[rentit.wpmix.net/wp-content/plugins/js_composer/assets/vc/exclamation.png]
[rentit.wpmix.net/wp-content/plugins/js_composer/assets/images/icons/address-book.png]
[rentit.wpmix.net/wp-content/plugins/js_composer/assets/images/icons/alarm-clock.png]
[rentit.wpmix.net/wp-content/plugins/js_composer/assets/images/icons/anchor.png]
[rentit.wpmix.net/wp-content/plugins/js_composer/assets/images/icons/application-image.png]
[rentit.wpmix.net/wp-content/plugins/js_composer/assets/images/icons/arrow.png]
[rentit.wpmix.net/wp-content/plugins/js_composer/assets/images/icons/asterisk.png]
[rentit.wpmix.net/wp-content/plugins/js_composer/assets/images/icons/auction-hammer.png]
[rentit.wpmix.net/wp-content/plugins/js_composer/assets/images/icons/balloon.png]
[rentit.wpmix.net/wp-content/plugins/js_composer/assets/images/icons/balloon-buzz.png]
[rentit.wpmix.net/wp-content/plugins/js_composer/assets/images/icons/balloon-facebook.png]
[rentit.wpmix.net/wp-content/plugins/js_composer/assets/images/icons/balloon-twitter.png]
[rentit.wpmix.net/wp-content/plugins/js_composer/assets/images/icons/battery-full.png]
[rentit.wpmix.net/wp-content/plugins/js_composer/assets/images/icons/binocular.png]
[rentit.wpmix.net/wp-content/plugins/js_composer/assets/images/icons/blue-document-excel.png]
[rentit.wpmix.net/wp-content/plugins/js_composer/assets/images/icons/blue-document-image.png]
[rentit.wpmix.net/wp-content/plugins/js_composer/assets/images/icons/blue-document-music.png]
[rentit.wpmix.net/wp-content/plugins/js_composer/assets/images/icons/blue-document-office.png]
[rentit.wpmix.net/wp-content/plugins/js_composer/assets/images/icons/blue-document-pdf.png]
[rentit.wpmix.net/wp-content/plugins/js_composer/assets/images/icons/blue-document-powerpoint.png]
[rentit.wpmix.net/wp-content/plugins/js_composer/assets/images/icons/blue-document-word.png]
[rentit.wpmix.net/wp-content/plugins/js_composer/assets/images/icons/bookmark.png]
[rentit.wpmix.net/wp-content/plugins/js_composer/assets/images/icons/camcorder.png]
[rentit.wpmix.net/wp-content/plugins/js_composer/assets/images/icons/camera.png]
[rentit.wpmix.net/wp-content/plugins/js_composer/assets/images/icons/chart.png]
[rentit.wpmix.net/wp-content/plugins/js_composer/assets/images/icons/chart-pie.png]
[rentit.wpmix.net/wp-content/plugins/js_composer/assets/images/icons/clock.png]
[rentit.wpmix.net/wp-content/plugins/js_composer/assets/images/icons/control.png]
[rentit.wpmix.net/wp-content/plugins/js_composer/assets/images/icons/fire.png]
[rentit.wpmix.net/wp-content/plugins/js_composer/assets/images/icons/heart.png]
[rentit.wpmix.net/wp-content/plugins/js_composer/assets/images/icons/mail.png]
[rentit.wpmix.net/wp-content/plugins/js_composer/assets/images/icons/plus-shield.png]
[rentit.wpmix.net/wp-content/plugins/js_composer/assets/images/icons/video.png]
[rentit.wpmix.net/wp-content/plugins/js_composer/assets/images/toggle_open.png]
[rentit.wpmix.net/wp-content/plugins/js_composer/assets/images/toggle_close.png]
[rentit.wpmix.net/wp-content/plugins/js_composer/assets/images/flickr.png]
[rentit.wpmix.net/wp-content/plugins/js_composer/assets/fonts/vc_grid/vc_grid_v157a1.eot]
[rentit.wpmix.net/wp-content/plugins/js_composer/assets/fonts/vc_grid/vc_grid_v1d41d.eot]
[rentit.wpmix.net/wp-content/plugins/js_composer/assets/fonts/vc_grid/vc_grid_v157a1.woff]
[rentit.wpmix.net/wp-content/plugins/js_composer/assets/fonts/vc_grid/vc_grid_v157a1.ttf]
[rentit.wpmix.net/wp-content/plugins/js_composer/assets/css/js_composer.min0147.css]
[rentit.wpmix.net/wp-content/plugins/js_composer/assets/fonts/vc_grid/vc_grid_v157a1.svg]
[rentit.wpmix.net/wp-content/themes/rentit/js/bootstrap/fonts/glyphicons-halflings-regular.woff]
[rentit.wpmix.net/wp-content/themes/rentit/js/bootstrap/fonts/glyphicons-halflings-regular.eot]
[rentit.wpmix.net/wp-content/themes/rentit/js/bootstrap/fonts/glyphicons-halflings-regular.ttf]
[rentit.wpmix.net/wp-content/themes/rentit/js/bootstrap/fonts/glyphicons-halflings-regular.woff2]
[rentit.wpmix.net/wp-content/themes/rentit/js/bootstrap/fonts/glyphicons-halflings-regulard41d.eot]
[rentit.wpmix.net/wp-content/themes/rentit/js/bootstrap/css/bootstrap.min67d0.css]
[rentit.wpmix.net/wp-content/themes/rentit/js/bootstrap-select/css/bootstrap-select.min67d0.css]
[rentit.wpmix.net/wp-content/themes/rentit/js/bootstrap/fonts/glyphicons-halflings-regular.svg]
[rentit.wpmix.net/wp-content/themes/rentit/js/fontawesome/fonts/fontawesome-webfont5b62.woff]
[rentit.wpmix.net/wp-content/themes/rentit/js/fontawesome/fonts/fontawesome-webfont5b62.eot]
[rentit.wpmix.net/wp-content/themes/rentit/js/fontawesome/fonts/fontawesome-webfont5b62.ttf]
[rentit.wpmix.net/wp-content/themes/rentit/js/fontawesome/fonts/fontawesome-webfontd41d.eot]
[rentit.wpmix.net/wp-content/themes/rentit/js/fontawesome/fonts/fontawesome-webfont5b62.woff2]
[rentit.wpmix.net/wp-content/themes/rentit/js/fontawesome/css/font-awesome.min67d0.css]
[rentit.wpmix.net/wp-content/themes/rentit/js/prettyphoto/images/prettyPhoto/default/sprite.png]
[rentit.wpmix.net/wp-content/themes/rentit/js/fontawesome/fonts/fontawesome-webfont5b62.svg]
[rentit.wpmix.net/wp-content/themes/rentit/js/prettyphoto/images/prettyPhoto/default/sprite_x.png]
[rentit.wpmix.net/wp-content/themes/rentit/js/prettyphoto/images/prettyPhoto/default/sprite_y.png]
[rentit.wpmix.net/wp-content/themes/rentit/js/prettyphoto/images/prettyPhoto/default/sprite_next.png]
[rentit.wpmix.net/wp-content/themes/rentit/js/prettyphoto/images/prettyPhoto/default/sprite_prev.png]
[rentit.wpmix.net/wp-content/themes/rentit/js/prettyphoto/images/prettyPhoto/default/default_thumb.png]
[rentit.wpmix.net/wp-content/themes/rentit/js/prettyphoto/images/prettyPhoto/default/loader.gif]
[rentit.wpmix.net/wp-content/themes/rentit/js/prettyphoto/images/prettyPhoto/light_rounded/sprite.png]
[rentit.wpmix.net/wp-content/themes/rentit/js/prettyphoto/images/prettyPhoto/light_rounded/btnNext.png]
[rentit.wpmix.net/wp-content/themes/rentit/js/prettyphoto/images/prettyPhoto/light_rounded/btnPrevious.png]
[rentit.wpmix.net/wp-content/themes/rentit/js/prettyphoto/images/prettyPhoto/dark_rounded/sprite.png]
[rentit.wpmix.net/wp-content/themes/rentit/js/prettyphoto/images/prettyPhoto/dark_rounded/contentPattern.png]
[rentit.wpmix.net/wp-content/themes/rentit/js/prettyphoto/images/prettyPhoto/dark_rounded/btnNext.png]
[rentit.wpmix.net/wp-content/themes/rentit/js/prettyphoto/images/prettyPhoto/dark_rounded/btnPrevious.png]
[rentit.wpmix.net/wp-content/themes/rentit/js/prettyphoto/images/prettyPhoto/dark_rounded/loader.gif]
[rentit.wpmix.net/wp-content/themes/rentit/js/prettyphoto/images/prettyPhoto/dark_square/loader.gif]
[rentit.wpmix.net/wp-content/themes/rentit/js/prettyphoto/images/prettyPhoto/dark_square/sprite.png]
[rentit.wpmix.net/wp-content/themes/rentit/js/prettyphoto/images/prettyPhoto/dark_square/btnNext.png]
[rentit.wpmix.net/wp-content/themes/rentit/js/prettyphoto/images/prettyPhoto/dark_square/btnPrevious.png]
[rentit.wpmix.net/wp-content/themes/rentit/js/prettyphoto/images/prettyPhoto/light_square/sprite.png]
[rentit.wpmix.net/wp-content/themes/rentit/js/prettyphoto/images/prettyPhoto/light_square/btnNext.png]
[rentit.wpmix.net/wp-content/themes/rentit/js/prettyphoto/images/prettyPhoto/light_square/btnPrevious.png]
[rentit.wpmix.net/wp-content/themes/rentit/js/prettyphoto/images/prettyPhoto/facebook/sprite.png]
[rentit.wpmix.net/wp-content/themes/rentit/js/prettyphoto/images/prettyPhoto/facebook/contentPatternTop.png]
[rentit.wpmix.net/wp-content/themes/rentit/js/prettyphoto/images/prettyPhoto/facebook/contentPatternLeft.png]
[rentit.wpmix.net/wp-content/themes/rentit/js/prettyphoto/images/prettyPhoto/facebook/contentPatternRight.png]
[rentit.wpmix.net/wp-content/themes/rentit/js/prettyphoto/images/prettyPhoto/facebook/loader.gif]
[rentit.wpmix.net/wp-content/themes/rentit/js/prettyphoto/images/prettyPhoto/facebook/btnNext.png]
[rentit.wpmix.net/wp-content/themes/rentit/js/prettyphoto/images/prettyPhoto/facebook/btnPrevious.png]
[rentit.wpmix.net/wp-content/themes/rentit/js/prettyphoto/images/prettyPhoto/facebook/contentPatternBottom.png]
[rentit.wpmix.net/wp-content/themes/rentit/js/prettyphoto/images/prettyPhoto/facebook/default_thumbnail.gif]
[rentit.wpmix.net/wp-content/themes/rentit/js/prettyphoto/images/prettyPhoto/light_rounded/loader.gif]
[rentit.wpmix.net/wp-content/themes/rentit/js/prettyphoto/css/prettyPhoto67d0.css]
[rentit.wpmix.net/wp-content/themes/rentit/js/owl-carousel2/assets/owl.video.play.png]
[rentit.wpmix.net/wp-content/themes/rentit/js/owl-carousel2/assets/owl.carousel.min67d0.css]
[rentit.wpmix.net/wp-content/themes/rentit/js/owl-carousel2/assets/owl.theme.default.min67d0.css]
[rentit.wpmix.net/wp-content/themes/rentit/js/animate/animate.min67d0.css]
[rentit.wpmix.net/wp-content/themes/rentit/js/swiper/css/swiper.min67d0.css]
[rentit.wpmix.net/wp-content/themes/rentit/js/datetimepicker/css/bootstrap-datetimepicker.min67d0.css]
[rentit.wpmix.net/wp-content/themes/rentit/css/theme67d0.css]
[rentit.wpmix.net/wp-content/themes/rentit/style67d0.css]
[rentit.wpmix.net/wp-content/themes/rentit/css/images/ui-bg_flat_75_ffffff_40x100.png]
[rentit.wpmix.net/wp-content/themes/rentit/css/images/ui-bg_highlight-soft_75_cccccc_1x100.png]
[rentit.wpmix.net/wp-content/themes/rentit/css/images/ui-bg_glass_75_e6e6e6_1x400.png]
[rentit.wpmix.net/wp-content/themes/rentit/css/images/ui-bg_glass_75_dadada_1x400.png]
[rentit.wpmix.net/wp-content/themes/rentit/css/images/ui-bg_glass_65_ffffff_1x400.png]
[rentit.wpmix.net/wp-content/themes/rentit/css/images/ui-bg_glass_55_fbf9ee_1x400.png]
[rentit.wpmix.net/wp-content/themes/rentit/css/images/ui-bg_glass_95_fef1ec_1x400.png]
[rentit.wpmix.net/wp-content/themes/rentit/css/images/ui-icons_222222_256x240.png]
[rentit.wpmix.net/wp-content/themes/rentit/css/images/ui-icons_888888_256x240.png]
[rentit.wpmix.net/wp-content/themes/rentit/css/images/ui-icons_454545_256x240.png]
[rentit.wpmix.net/wp-content/themes/rentit/css/images/ui-icons_2e83ff_256x240.png]
[rentit.wpmix.net/wp-content/themes/rentit/css/images/ui-icons_cd0a0a_256x240.png]
[rentit.wpmix.net/wp-content/themes/rentit/css/images/ui-bg_flat_0_aaaaaa_40x100.png]
[rentit.wpmix.net/wp-content/themes/rentit/css/images/ui-anim_basic_16x16.gif]
[rentit.wpmix.net/wp-content/themes/rentit/css/jquery-ui67d0.css]
[rentit.wpmix.net/wp-json/oembed/1.0/embed2abb.json]
[rentit.wpmix.net/home-2/index.html]
[rentit.wpmix.net/wp-json/oembed/1.0/embed86d3]
[rentit.wpmix.net/wp-json/oembed/1.0/embed5c25.json]
[rentit.wpmix.net/home-3/index.html]
[rentit.wpmix.net/wp-json/oembed/1.0/embed2aad]
[rentit.wpmix.net/wp-json/oembed/1.0/embed0368.json]
[rentit.wpmix.net/home-4/index.html]
[rentit.wpmix.net/wp-json/oembed/1.0/embed314a]
[rentit.wpmix.net/wp-json/oembed/1.0/embedfc50.json]
[rentit.wpmix.net/home-5/index.html]
[rentit.wpmix.net/wp-json/oembed/1.0/embed4810]
[rentit.wpmix.net/wp-json/oembed/1.0/embedd09a.json]
[rentit.wpmix.net/home-6/index.html]
[rentit.wpmix.net/shop/index.html]
[rentit.wpmix.net/wp-json/oembed/1.0/embed3630]
[rentit.wpmix.net/shop/feed/index.html]
[rentit.wpmix.net/shop/indexb92a.html]
[rentit.wpmix.net/shop/page/2/index.html]
[rentit.wpmix.net/shop/page/4/index.html]
[rentit.wpmix.net/shop/indexe9dc.html]
[rentit.wpmix.net/product-tag/honda/index.html]
[rentit.wpmix.net/shop/page/3/index.html]
[rentit.wpmix.net/shop/index34e3.html]
[rentit.wpmix.net/product-tag/toyota/index.html]
[rentit.wpmix.net/product-tag/vw/index.html]
[rentit.wpmix.net/product-tag/renoult/index.html]
[rentit.wpmix.net/shop/page/2/indexb92a.html]
[rentit.wpmix.net/shop/page/3/indexb92a.html]
[rentit.wpmix.net/wp-json/oembed/1.0/embedff50.json]
[rentit.wpmix.net/shop/page/4/indexb92a.html]
[rentit.wpmix.net/shop/page/2/indexe9dc.html]
[rentit.wpmix.net/shop/page/3/indexe9dc.html]
[rentit.wpmix.net/wp-json/oembed/1.0/embed1c17]
[rentit.wpmix.net/faqs/index.html]
[rentit.wpmix.net/shop/page/4/indexe9dc.html]
[rentit.wpmix.net/shop/page/4/index34e3.html]
[rentit.wpmix.net/shop/page/2/index34e3.html]
[rentit.wpmix.net/shop/page/3/index34e3.html]
[rentit.wpmix.net/wp-content/uploads/bfi_thumb/48d202d24d6759fc-main-mveonvtvy3v19t82jdpqw8xk0px96eni2wi7dhr7vk.jpg]
[rentit.wpmix.net/wp-content/uploads/2016/01/48d202d24d6759fc-main.jpg]
[rentit.wpmix.net/category/blockquote/index.html]
[rentit.wpmix.net/wp-content/uploads/bfi_thumb/toyota_celica_20677-mveoo2er9y41j2yigyk4vp9s6f0toadmft2lqfhgo0.jpg]
[rentit.wpmix.net/category/about/index.html]
[rentit.wpmix.net/category/car-service/index.html]
[rentit.wpmix.net/wp-content/uploads/2016/01/toyota_celica_20677.jpg]
[rentit.wpmix.net/category/news/index.html]
[rentit.wpmix.net/wp-content/uploads/bfi_thumb/1309442516840-mveonuw1r9tqy79fovb4br63fc1vypjrqrupw7sm1s.jpg]
[rentit.wpmix.net/category/repair/index.html]
[rentit.wpmix.net/portfolio/feed/index.html]
[rentit.wpmix.net/category/uncategorized/index.html]
[rentit.wpmix.net/wp-content/uploads/2016/01/1309442516840.jpg]
[rentit.wpmix.net/portfolio/toyota/index.html]
[rentit.wpmix.net/wp-content/uploads/bfi_thumb/Peugeot-SR1-Concept-Car-01-mveonuw1r9tqy79fovb4br63fc1vypjrqrupw7sm1s.jpg]
[rentit.wpmix.net/portfolio/ut-labore-et-dolore/index.html]
[rentit.wpmix.net/wp-content/uploads/bfi_thumb/noua_gama_opel_astra-_plus_de_varietate_motoare_si_dotari_de_inalta_tehnologie_4251-mveonzl8pg06k92lxfc967zee9eq172fff45alln6o.jpg]
[rentit.wpmix.net/portfolio/sed-do-eiusmod-tempor/index.html]
[rentit.wpmix.net/wp-content/uploads/2016/01/noua_gama_opel_astra-_plus_de_varietate_motoare_si_dotari_de_inalta_tehnologie_4251.jpg]
[rentit.wpmix.net/wp-content/uploads/bfi_thumb/foto-opel-mokka_07-650x423-mveonzl8pg06k92lxfc967zee9eq172fff45alln6o.jpg]
[rentit.wpmix.net/portfolio/nulla-vitae-elit/index.html]
[rentit.wpmix.net/wp-content/uploads/2016/01/foto-opel-mokka_07-650x423.jpg]
[rentit.wpmix.net/portfolio/cras-justo-odio/index.html]
[rentit.wpmix.net/wp-content/uploads/bfi_thumb/opel-astra-2010-17-mveonzl8pg06k92lxfc967zee9eq172fff45alln6o.jpg]
[rentit.wpmix.net/wp-content/uploads/bfi_thumb/960-mveonxpkbrxlx15c8ej018gh7hnzlsuyr5t6c1ofj4.jpg]
[rentit.wpmix.net/wp-content/uploads/2016/01/960.jpg]
[rentit.wpmix.net/portfolio/nulla-vitae/index.html]
[rentit.wpmix.net/wp-content/uploads/bfi_thumb/546abeb9a10ea_-_001bmwx5m-71596909-lg-mveoo73y84ah54ropil9q6335cdnqrwa4gc14tahsw.jpg]
[rentit.wpmix.net/portfolio/as-justo-odio/index.html]
[rentit.wpmix.net/wp-content/uploads/bfi_thumb/rcz-17-mveoo4afnm6m6avs5zde0ospd6rk3ol342dkozeobk.jpg]
[rentit.wpmix.net/portfolio/incididunt-ut-labore-et/index.html]
[rentit.wpmix.net/wp-content/uploads/2016/01/rcz-17.jpg]
[rentit.wpmix.net/portfolio/10446/index.html]
[rentit.wpmix.net/wp-content/uploads/bfi_thumb/BMW-M4-Coup-Frontansicht-729x486-e269b48ba872638e-1-mveonuw1r9tqy79fovb4br63fc1vypjrqrupw7sm1s.jpg]
[rentit.wpmix.net/wp-content/uploads/2016/01/BMW-M4-Coup-Frontansicht-729x486-e269b48ba872638e-1.jpg]
[rentit.wpmix.net/portfolio/lorem-ipsum-2/index.html]
[rentit.wpmix.net/wp-content/uploads/bfi_thumb/mercedes-amg-gt-front-xlarge-large_transrWYeUU_H0zBKyvljOo6zlkYMapKPjdhyLnv9ax6_too-mveoo1gx342r7gzvmg5ib7ibl15ggl9w3of495iuu8.jpg]
[rentit.wpmix.net/wp-content/uploads/2016/01/mercedes-amg-gt-front-xlarge-large_transrWYeUU_H0zBKyvljOo6zlkYMapKPjdhyLnv9ax6_too.jpg]
[rentit.wpmix.net/portfolio/lorem-ipsum-4/index.html]
[rentit.wpmix.net/wp-content/uploads/bfi_thumb/bmw-i8-03-mveonuw1r9tqy79fovb4br63fc1vypjrqrupw7sm1s.jpg]
[rentit.wpmix.net/wp-content/uploads/2016/01/bmw-i8-03.jpg]
[rentit.wpmix.net/portfolio/lorem-ipsum-3/index.html]
[rentit.wpmix.net/wp-content/uploads/bfi_thumb/mercedes-benz-04-mveonvtvy3v19t82jdpqw8xk0px96eni2wi7dhr7vk.jpg]
[rentit.wpmix.net/wp-content/uploads/2016/01/mercedes-benz-04.jpg]
[rentit.wpmix.net/portfolio/10398/index.html]
[rentit.wpmix.net/wp-content/uploads/bfi_thumb/lexus-03-mveonvtvy3v19t82jdpqw8xk0px96eni2wi7dhr7vk.jpg]
[rentit.wpmix.net/wp-content/uploads/2016/01/lexus-03.jpg]
[rentit.wpmix.net/portfolio/lorem-ipsum/index.html]
[rentit.wpmix.net/wp-content/uploads/bfi_thumb/mercgle133-mveoo4afnm6m6avs5zde0ospd6rk3ol342dkozeobk.jpg]
[rentit.wpmix.net/wp-content/uploads/2016/01/mercgle133.jpg]
[rentit.wpmix.net/wp-content/uploads/bfi_thumb/buyers_guide_-_hyundai_ix20_2014_-_front_quarter-mveoo3clgs5buox5bgyrg718rsw6vzhcrxq37pg2hs.jpg]
[rentit.wpmix.net/portfolio/dapibus-ac/index.html]
[rentit.wpmix.net/wp-content/uploads/2016/01/buyers_guide_-_hyundai_ix20_2014_-_front_quarter.jpg]
[rentit.wpmix.net/portfolio/ut-enim-ad-minim/index.html]
[rentit.wpmix.net/wp-content/uploads/bfi_thumb/suzuki-mveonxpkbrxlx15c8ej018gh7hnzlsuyr5t6c1ofj4.jpg]
[rentit.wpmix.net/wp-content/uploads/2016/01/suzuki.jpg]
[rentit.wpmix.net/portfolio/magna-aliqua/index.html]
[rentit.wpmix.net/wp-content/themes/rentit/js/jquery.isotope.min68b3.js]
[rentit.wpmix.net/portfolio/index.html]
[rentit.wpmix.net/portfolio/index4b6c.html]
[rentit.wpmix.net/portfolio/indexf09f.html]
[rentit.wpmix.net/portfolio/opel/index.html]
[rentit.wpmix.net/portfolio/peugeot/index.html]
[rentit.wpmix.net/portfolio/bmw/index.html]
[rentit.wpmix.net/wp-json/oembed/1.0/embed614e.json]
[rentit.wpmix.net/portfolio/mercedes/index.html]
[rentit.wpmix.net/wp-content/uploads/bfi_thumb/48d202d24d6759fc-main-mveonvtz8ijp8n8ag80j0cb3nzy1qhee6aenwegstw.jpg]
[rentit.wpmix.net/wp-json/oembed/1.0/embeddc09]
[rentit.wpmix.net/wp-content/uploads/2016/01/0dea90facef9a199089fdba20dd90dc9.jpg]
[rentit.wpmix.net/wp-content/uploads/bfi_thumb/0dea90facef9a199089fdba20dd90dc9-mveoo0j66oq4up1gos1nut4emxavsyx1uxo3as9tys.jpg]
[rentit.wpmix.net/wp-content/uploads/2016/01/toyota-corolla-2010.jpg]
[rentit.wpmix.net/wp-content/uploads/bfi_thumb/toyota-corolla-2010-mveoo1h0dirf6b03jagafavv8b690o0s72bks28fsk.jpg]
[rentit.wpmix.net/wp-content/uploads/2016/01/toyota-corolla-01.png]
[rentit.wpmix.net/wp-content/uploads/bfi_thumb/toyota-corolla-01-mveonxpnm6m9vv5k58ts5bu0uros5vluujpmuye0hg.png]
[rentit.wpmix.net/portfolio/ut-enim-ad/index.html]
[rentit.wpmix.net/wp-json/oembed/1.0/embed05a2.json]
[rentit.wpmix.net/wp-json/oembed/1.0/embed2ca0]
[rentit.wpmix.net/typography/index.html]
[rentit.wpmix.net/wp-json/oembed/1.0/embedda27.json]
[rentit.wpmix.net/wp-json/oembed/1.0/embed4582]
[event-theme.com/themes/rentit/wp-content/uploads/2015/10/transparent-bg26d5.png]
[rentit.wpmix.net/wp-content/uploads/bfi_thumb/car-370x220x5-mveonq6oco3cpww1q81pca5hq79tjoy62l9jybi8u4.jpg]
[rentit.wpmix.net/wp-content/uploads/bfi_thumb/car-370x220x6-mveonmfblby7fh1ic6f72b3ncnscowj8q2nm17ntj0.jpg]
[rentit.wpmix.net/wp-content/uploads/bfi_thumb/546abeb9a10ea_-_001bmwx5m-71596909-lg-mveoo73rroqiiw7gzfczl5vsf4yfe8tc4x0alat5q4.jpg]
[rentit.wpmix.net/wp-content/uploads/bfi_thumb/12-mveonnd5s5zhr3056ottmsv3y1npwlmz27b3ihmfcs.jpg]
[rentit.wpmix.net/wp-content/uploads/bfi_thumb/preview_48351505-mveonoazz00s2oys178g7amkjfj34aqpebykzrl16k.jpg]
[rentit.wpmix.net/wp-content/uploads/bfi_thumb/car-600x426x1-mveonoazz00s2oys178g7amkjfj34aqpebykzrl16k.jpg]
[rentit.wpmix.net/2015/10/17/post-gallery/index.html]
[rentit.wpmix.net/2015/10/13/amazing-cars-here-and-best-offer-waits-for-you-2/index.html]
[rentit.wpmix.net/wp-content/uploads/bfi_thumb/shutterstock_233708863-mveonoazz00s2oys178g7amkjfj34aqpebykzrl16k.jpg]
[rentit.wpmix.net/wp-content/uploads/bfi_thumb/shutterstock_217890688-mveonoazz00s2oys178g7amkjfj34aqpebykzrl16k.jpg]
[rentit.wpmix.net/wp-content/uploads/bfi_thumb/brand-logo3-mveonp8vdou1n17ptrka26kdv2upz1h7jgsz02svt0.jpg]
[rentit.wpmix.net/wp-content/uploads/bfi_thumb/brand-logo-mveonob16usrbf92z95nhosx9ozcrcdh7c5hisu9z8.jpg]
[rentit.wpmix.net/2015/10/12/professional-car-rental-4/index.html]
[rentit.wpmix.net/wp-content/uploads/bfi_thumb/mercedes-benz-sls-amg-bs-1jpg-mveonzl3gv876qsp5e16blygebfrbpm98vzba4djwk.jpg]
[rentit.wpmix.net/wp-content/uploads/bfi_thumb/Opel-Astra-GTC-2014-mveonxpf375mjivfgd7x6mfj7jp0wbeskmocbkgc90.jpg]
[rentit.wpmix.net/wp-content/uploads/bfi_thumb/BMW-M4-Coup-Frontansicht-729x486-e269b48ba872638e-1-mveonuvwip1rkoziwu01h555fe2x983lk8pvvqkiro.jpg]
[rentit.wpmix.net/wp-content/uploads/bfi_thumb/03-2016-hyundai-tucson-fd-1-mveonvtqpj31way5rceo1mwm0ryagx7bwdddd0j4lg.jpg]
[rentit.wpmix.net/wp-content/uploads/bfi_thumb/lexus-03-mveonvtqpj31way5rceo1mwm0ryagx7bwdddd0j4lg.jpg]
[rentit.wpmix.net/wp-content/uploads/bfi_thumb/buyers_guide_-_hyundai_ix20_2014_-_front_quarter-mveoo3cg87dch6n8jfnoll0arux86i16lel9787z7o.jpg]
[rentit.wpmix.net/wp-content/uploads/bfi_thumb/team-270x270x2-150x150-mveonq6p7d8uuilntgnitjccgc7ylx766uh69auauw.jpg]
[rentit.wpmix.net/wp-content/uploads/2015/10/12-600x370.jpg]
[rentit.wpmix.net/wp-content/uploads/2015/10/preview_48351505-768x512.jpg]
[rentit.wpmix.net/wp-content/uploads/2015/10/car-600x426x1-600x400.jpg]
[farm2.staticflickr.com/1684/24534235809_f40d28d897_s.jpg]
[rentit.wpmix.net/2016/05/index.html]
[rentit.wpmix.net/2015/12/index.html]
[rentit.wpmix.net/2016/05/13/standard-vimeo-video-blog-post-header-2/index.html]
[farm4.staticflickr.com/3942/15522706046_724055dc48_s.jpg]
[rentit.wpmix.net/2015/10/index.html]
[rentit.wpmix.net/2015/12/16/news-gallery/index.html]
[farm4.staticflickr.com/3876/15161220656_6258b3df9a_s.jpg]
[rentit.wpmix.net/2015/10/17/blockquote/index.html]
[farm8.staticflickr.com/7275/13965306323_17d0a8f644_s.jpg]
[rentit.wpmix.net/2015/10/17/standard-vimeo-video-blog-post-header/index.html]
[farm8.staticflickr.com/7373/10412001266_483a1e4c9d_s.jpg]
[rentit.wpmix.net/2015/10/13/amazing-cars-here-and-best-offer-waits-for-you/index.html]
[farm4.staticflickr.com/3705/10278343103_dd92d24d07_s.jpg]
[farm9.staticflickr.com/8552/10217169844_a83bb0c26f_s.jpg]
[farm4.staticflickr.com/3832/9391366956_eae44dee74_s.jpg]
[farm6.staticflickr.com/5529/9163716976_d5d1a0c052_s.jpg]
[rentit.wpmix.net/shortcodes/index.html]
[rentit.wpmix.net/wp-json/oembed/1.0/embed4c76.json]
[rentit.wpmix.net/coming-soon/index.html]
[rentit.wpmix.net/aaaaa.html]
[rentit.wpmix.net/wp-content/plugins/woocommerce/assets/css/prettyPhotoc141.css]
[rentit.wpmix.net/wp-json/oembed/1.0/embed8870]
[rentit.wpmix.net/wp-json/oembed/1.0/embed9dd6.json]
[rentit.wpmix.net/product/vw-polo-1-6-tdi-comfortline-4/feed/index.html]
[rentit.wpmix.net/wp-json/oembed/1.0/embede25c]
[rentit.wpmix.net/wp-content/uploads/bfi_thumb/car-370x220x9-mveonr4iji4n1iuokqgbwrwybl56re1wepx1flgunw.jpg]
[rentit.wpmix.net/wp-content/uploads/bfi_thumb/peugeot-rcz-11-05-11-mveoo0iwfuhi9mh11uillpjk9fuuwd37s0fw8d2wxo.jpg]
[rentit.wpmix.net/product-category/popular-cars/index.html]
[rentit.wpmix.net/wp-content/uploads/bfi_thumb/peugeot-sr1-concept-mveonxpdvcdnasl4ibapw896ha8r99s0rmhfsj73gc.jpg]
[rentit.wpmix.net/wp-content/uploads/bfi_thumb/Peugeot-SR1-Concept-Car-01-mveonuvvau9sbyp7ys2u6qysp4mnm6gtr8izcpb9z0.jpg]
[rentit.wpmix.net/wp-content/plugins/woocommerce/assets/js/prettyPhoto/jquery.prettyPhoto.min005e.js]
[rentit.wpmix.net/wp-content/plugins/woocommerce/assets/js/prettyPhoto/jquery.prettyPhoto.init.minc141.js]
[rentit.wpmix.net/product/vw-polo-1-6-tdi-comfortline-4/index.html]
[rentit.wpmix.net/wp-content/plugins/woocommerce/assets/js/frontend/single-product.minc141.js]
[rentit.wpmix.net/wp-json/oembed/1.0/embeda3dc.json]
[rentit.wpmix.net/wp-json/oembed/1.0/embed5b38]
[rentit.wpmix.net/wp-content/uploads/bfi_thumb/shutterstock_227261371-mveonnd87vkcz3bm0ik5uyju0q2z842etshftakvf0.jpg]
[rentit.wpmix.net/wp-content/uploads/bfi_thumb/team-270x270x2-mveonob2eplnapa8v0ysfgbam3ycft655x4xakjh8s.jpg]
[rentit.wpmix.net/wp-content/uploads/bfi_thumb/team-270x270x4-mveonob2eplnapa8v0ysfgbam3ycft655x4xakjh8s.jpg]
[rentit.wpmix.net/wp-content/uploads/bfi_thumb/team-270x270x1-mveonnd87vkcz3bm0ik5uyju0q2z842etshftakvf0.jpg]
[rentit.wpmix.net/about-us/index.html]
[rentit.wpmix.net/wp-json/oembed/1.0/embed0290.json]
[rentit.wpmix.net/login/index.html]
[rentit.wpmix.net/wp-json/oembed/1.0/embedb5c3]
[rentit.wpmix.net/wp-json/oembed/1.0/embeded26.json]
[rentit.wpmix.net/my-account/lost-password/index.html]
[rentit.wpmix.net/wp-json/oembed/1.0/embeda27e]
[rentit.wpmix.net/wp-content/uploads/2015/10/preview_48351505-1024x682.jpg]
[rentit.wpmix.net/wp-content/uploads/bfi_thumb/preview_48351505-1024x682-mveonndfj084c5kktmcvvwfybj3qt7gt54jakwtcdw.jpg]
[rentit.wpmix.net/wp-content/uploads/2015/10/preview_81123025-1024x682.jpg]
[rentit.wpmix.net/2015/10/12/professional-car-rental-3/index.html]
[rentit.wpmix.net/wp-content/uploads/bfi_thumb/preview_81123025-1024x682-mveonob9pu9enrj7o4rige7ewwz40wkjh96s26ry7o.jpg]
[rentit.wpmix.net/tag/car/index.html]
[rentit.wpmix.net/wp-content/uploads/2015/10/preview_94199545-1024x683.jpg]
[rentit.wpmix.net/wp-content/uploads/bfi_thumb/preview_94199545-1024x683-mveonndfj084c5kktmcvvwfybj3qt7gt54jakwtcdw.jpg]
[rentit.wpmix.net/wp-content/uploads/2015/10/preview_205799707-1024x683.jpg]
[rentit.wpmix.net/wp-content/uploads/bfi_thumb/preview_205799707-1024x683-mveonq6y3ibzazghd5krldqc3opugas05ihr0qp5v8.jpg]
[rentit.wpmix.net/wp-content/uploads/2015/10/12.jpg]
[rentit.wpmix.net/wp-content/uploads/bfi_thumb/12-mveonndfj084c5kktmcvvwfybj3qt7gt54jakwtcdw.jpg]
[rentit.wpmix.net/wp-content/uploads/2015/10/preview_48351505.jpg]
[rentit.wpmix.net/wp-content/uploads/bfi_thumb/preview_48351505-mveonob9pu9enrj7o4rige7ewwz40wkjh96s26ry7o.jpg]
[img.youtube.com/vi/8UT17IAJdlQ/sddefault.jpg]
[rentit.wpmix.net/blog/index.html]
[rentit.wpmix.net/blog/index6d66.html]
[rentit.wpmix.net/blog/index8673.html]
[rentit.wpmix.net/wp-json/oembed/1.0/embede019.json]
[rentit.wpmix.net/2015/10/12/professional-car-rental-2/feed/index.html]
[rentit.wpmix.net/wp-json/oembed/1.0/embed6a55]
[rentit.wpmix.net/wp-content/uploads/2015/10/shutterstock_233708863.jpg]
[rentit.wpmix.net/wp-content/uploads/bfi_thumb/shutterstock_233708863-mveonob9pu9enrj7o4rige7ewwz40wkjh96s26ry7o.jpg]
[rentit.wpmix.net/wp-content/uploads/bfi_thumb/shutterstock_217890688-mveonob536w49zwkjgdomlauyh0ain6tmckb83h1qs.jpg]
[rentit.wpmix.net/wp-content/uploads/bfi_thumb/shutterstock_229284226-mveonq6tguyox7tu8h6xrkts58r0y1eaalva6ne9ec.jpg]
[rentit.wpmix.net/2015/10/12/professional-car-rental-2/index.html]
[rentit.wpmix.net/wp-json/oembed/1.0/embed2b0f.json]
[rentit.wpmix.net/2015/10/12/professional-car-rental-2/index0e22.html]
[rentit.wpmix.net/2015/10/12/professional-car-rental-2/indexbed3.html]
[rentit.wpmix.net/wp-json/oembed/1.0/embed0275]
[rentit.wpmix.net/contact-us/index.html]
[rentit.wpmix.net/2015/10/12/professional-car-rental-2/index5cd6.html]
[rentit.wpmix.net/wp-json/oembed/1.0/embed15d0.json]
[rentit.wpmix.net/product/honda-civic-elegance-4/feed/index.html]
[rentit.wpmix.net/2015/10/12/professional-car-rental-2/index5785.html]
[rentit.wpmix.net/product/honda-civic-elegance-4/index.html]
[rentit.wpmix.net/wp-json/oembed/1.0/embed1a1f]
[rentit.wpmix.net/product/renoult-megane-4/feed/index.html]
[rentit.wpmix.net/wp-json/oembed/1.0/embed34d3.json]
[rentit.wpmix.net/product-category/economic-cars/index.html]
[rentit.wpmix.net/wp-content/uploads/bfi_thumb/car-370x220x10-mveonnd5s5zhr3056ottmsv3y1npwlmz27b3ihmfcs.jpg]
[rentit.wpmix.net/wp-json/oembed/1.0/embed553e]
[rentit.wpmix.net/wp-content/uploads/bfi_thumb/2016-GLE-CLASS-COUPE-FUTURE-GALLERY-010-GOE-D-mveoo583e0nxvoa7aejqg6cv8d7oyulvgnpbmqvy2k.jpg]
[rentit.wpmix.net/product/renoult-megane-4/index.html]
[rentit.wpmix.net/product/vw-polo-1-6-tdi-comfortline-3/feed/index.html]
[rentit.wpmix.net/wp-json/oembed/1.0/embed1ebc.json]
[rentit.wpmix.net/wp-json/oembed/1.0/embedfa37]
[rentit.wpmix.net/wp-content/uploads/bfi_thumb/Peugeot407sedan2-mveoo65xkup87a8u4wyd0o4btr326jplssct40ujwc.jpg]
[rentit.wpmix.net/product/vw-polo-1-6-tdi-comfortline-3/index.html]
[rentit.wpmix.net/wp-content/uploads/2015/10/rentit-car-from-unsplash.jpg]
[rentit.wpmix.net/product/honda-civic-elegance-3/feed/index.html]
[rentit.wpmix.net/wp-json/oembed/1.0/embed1eb4.json]
[rentit.wpmix.net/product/honda-civic-elegance-3/index.html]
[rentit.wpmix.net/wp-json/oembed/1.0/embed727a]
[rentit.wpmix.net/product/vw-polo-1-6-tdi-comfortline/feed/index.html]
[rentit.wpmix.net/wp-json/oembed/1.0/embed1607.json]
[rentit.wpmix.net/wp-json/oembed/1.0/embed5ad6]
[rentit.wpmix.net/product/vw-polo-1-6-tdi-comfortline/index.html]
[rentit.wpmix.net/product/toyota-corolla-1-6-elegant/index.html]
[rentit.wpmix.net/product/renoult-megane-2/index.html]
[rentit.wpmix.net/product/toyota-corolla-1-6-elegant-5/feed/index.html]
[rentit.wpmix.net/wp-json/oembed/1.0/embed142d.json]
[rentit.wpmix.net/product-category/best-offers/index.html]
[rentit.wpmix.net/wp-json/oembed/1.0/embed4b0d]
[rentit.wpmix.net/wp-content/uploads/bfi_thumb/1418212929_2016-mercedes-benz-gle-coupe-2556-mveoo3cf0cld8gcxldqhb6ty1lgyjgeeseeco6yqf0.jpg]
[rentit.wpmix.net/product/toyota-corolla-1-6-elegant-5/index.html]
[rentit.wpmix.net/wp-json/oembed/1.0/embedb426.json]
[rentit.wpmix.net/product/vw-polo-trendline-2-0-tdi-4/feed/index.html]
[rentit.wpmix.net/wp-json/oembed/1.0/embede27f]
[rentit.wpmix.net/wp-content/uploads/bfi_thumb/image-bfbf7f92-980x550-mveoo65xkup87a8u4wyd0o4btr326jplssct40ujwc.jpg]
[rentit.wpmix.net/wp-content/uploads/bfi_thumb/2015-bmw-x5-series_100487699_m-mveonzl290g7y0ie7c3z17s3o1zhonzhfvser34b3w.jpg]
[rentit.wpmix.net/product/vw-polo-trendline-2-0-tdi-4/index.html]
[rentit.wpmix.net/wp-json/oembed/1.0/embed30c8.json]
[rentit.wpmix.net/product/renoult-megane-3/feed/index.html]
[rentit.wpmix.net/wp-json/oembed/1.0/embed46e3]
[rentit.wpmix.net/wp-content/uploads/bfi_thumb/48cf1095820bc671-main-mveonvtphob2nknutahgr8q9aii0tvkk3d6gtz9vss.jpg]
[rentit.wpmix.net/product/renoult-megane-3/index.html]
[rentit.wpmix.net/wp-json/oembed/1.0/embed56cd.json]
[rentit.wpmix.net/product/vw-polo-trendline-2-0-tdi-3/feed/index.html]
[rentit.wpmix.net/wp-json/oembed/1.0/embed58c1]
[rentit.wpmix.net/wp-content/uploads/bfi_thumb/opel-astra-2010-17-mveonzl290g7y0ie7c3z17s3o1zhonzhfvser34b3w.jpg]
[rentit.wpmix.net/wp-content/uploads/bfi_thumb/suzuki-3-mveonxpdvcdnasl4ibapw896ha8r99s0rmhfsj73gc.jpg]
[rentit.wpmix.net/wp-content/uploads/bfi_thumb/hw0724011-mveoo4a976mnk2bkfw53volemzcbr5i54j1u5gxc8s.png]
[rentit.wpmix.net/product/vw-polo-trendline-2-0-tdi-3/index.html]
[rentit.wpmix.net/wp-json/oembed/1.0/embeda1c8.json]
[rentit.wpmix.net/product/toyota-corolla-1-6-elegant-4/feed/index.html]
[rentit.wpmix.net/product/toyota-corolla-1-6-elegant-4/index.html]
[rentit.wpmix.net/wp-json/oembed/1.0/embed7031]
[rentit.wpmix.net/wp-json/oembed/1.0/embed10ce.json]
[rentit.wpmix.net/product/vw-polo-1-6-tdi-comfortline-2/feed/index.html]
[rentit.wpmix.net/product/vw-polo-1-6-tdi-comfortline-2/index.html]
[rentit.wpmix.net/product/toyota-corolla-1-6-elegant-2/index.html]
[rentit.wpmix.net/wp-json/oembed/1.0/embed7a7e]
[rentit.wpmix.net/wp-json/oembed/1.0/embed5d94.json]
[rentit.wpmix.net/2015/10/17/sample-post-with-featured-image/feed/index.html]
[rentit.wpmix.net/wp-json/oembed/1.0/embedd48b]
[rentit.wpmix.net/wp-content/uploads/bfi_thumb/car-600x426x1-mveonob536w49zwkjgdomlauyh0ain6tmckb83h1qs.jpg]
[rentit.wpmix.net/wp-content/uploads/bfi_thumb/car-600x426x2-mveonq6tguyox7tu8h6xrkts58r0y1eaalva6ne9ec.jpg]
[rentit.wpmix.net/2015/10/17/sample-post-with-featured-image/index.html]
[rentit.wpmix.net/author/admin/index.html]
[rentit.wpmix.net/author/admin/feed/index.html]
[rentit.wpmix.net/2015/10/12/professional-car-rental/feed/index.html]
[rentit.wpmix.net/wp-json/oembed/1.0/embed5d82.json]
[rentit.wpmix.net/wp-json/oembed/1.0/embedad99]
[rentit.wpmix.net/wp-content/uploads/bfi_thumb/shutterstock_227261371-mveonndfj084c5kktmcvvwfybj3qt7gt54jakwtcdw.jpg]
[rentit.wpmix.net/2015/10/12/professional-car-rental/index.html]
[rentit.wpmix.net/wp-content/uploads/bfi_thumb/car-600x426x1-mveonob9pu9enrj7o4rige7ewwz40wkjh96s26ry7o.jpg]
[rentit.wpmix.net/wp-content/uploads/bfi_thumb/car-600x426x2-mveonq6y3ibzazghd5krldqc3opugas05ihr0qp5v8.jpg]
[rentit.wpmix.net/author/cpadmin/feed/index.html]
[rentit.wpmix.net/wp-content/uploads/bfi_thumb/shutterstock_217890688-mveonob9pu9enrj7o4rige7ewwz40wkjh96s26ry7o.jpg]
[rentit.wpmix.net/author/cpadmin/index.html]
[rentit.wpmix.net/cdn-cgi/l/email-protection.html]
[rentit.wpmix.net/wp-content/plugins/woocommerce/assets/fonts/star.svg]
[rentit.wpmix.net/wp-content/plugins/woocommerce/assets/fonts/WooCommerce.svg]
[rentit.wpmix.net/wp-content/plugins/woocommerce/assets/images/icons/loader.svg]
[rentit.wpmix.net/wp-content/plugins/woocommerce/assets/images/icons/credit-cards/visa.svg]
[rentit.wpmix.net/wp-content/plugins/woocommerce/assets/images/icons/credit-cards/mastercard.svg]
[rentit.wpmix.net/wp-content/plugins/woocommerce/assets/images/icons/credit-cards/laser.svg]
[rentit.wpmix.net/wp-content/plugins/woocommerce/assets/images/icons/credit-cards/diners.svg]
[rentit.wpmix.net/wp-content/plugins/woocommerce/assets/images/icons/credit-cards/maestro.svg]
[rentit.wpmix.net/wp-content/plugins/woocommerce/assets/images/icons/credit-cards/jcb.svg]
[rentit.wpmix.net/wp-content/plugins/woocommerce/assets/images/icons/credit-cards/amex.svg]
[rentit.wpmix.net/wp-content/plugins/woocommerce/assets/images/icons/credit-cards/discover.svg]
[rentit.wpmix.net/wp-content/plugins/js_composer/assets/fonts/vc_grid/vc_grid_v157a1.svg]
[rentit.wpmix.net/wp-content/themes/rentit/js/bootstrap/fonts/glyphicons-halflings-regular.svg]
[rentit.wpmix.net/wp-content/themes/rentit/js/fontawesome/fonts/fontawesome-webfont5b62.svg]
[rentit.wpmix.net/wp-content/themes/rentit/css/images/ui-bg_flat_75_ffffff_40x100.html]
[rentit.wpmix.net/wp-content/themes/rentit/css/images/ui-bg_highlight-soft_75_cccccc_1x100.html]
[rentit.wpmix.net/wp-content/themes/rentit/css/images/ui-bg_glass_75_e6e6e6_1x400.html]
[rentit.wpmix.net/wp-content/themes/rentit/css/images/ui-bg_glass_75_dadada_1x400.html]
[rentit.wpmix.net/wp-content/themes/rentit/css/images/ui-bg_glass_65_ffffff_1x400.html]
[rentit.wpmix.net/wp-content/themes/rentit/css/images/ui-bg_glass_55_fbf9ee_1x400.html]
[rentit.wpmix.net/wp-content/themes/rentit/css/images/ui-bg_glass_95_fef1ec_1x400.html]
[rentit.wpmix.net/wp-content/themes/rentit/css/images/ui-icons_222222_256x240.html]
[rentit.wpmix.net/wp-content/themes/rentit/css/images/ui-icons_888888_256x240.html]
[rentit.wpmix.net/wp-content/themes/rentit/css/images/ui-icons_454545_256x240.html]
[rentit.wpmix.net/wp-content/themes/rentit/css/images/ui-icons_2e83ff_256x240.html]
[rentit.wpmix.net/wp-content/themes/rentit/css/images/ui-icons_cd0a0a_256x240.html]
[rentit.wpmix.net/wp-content/themes/rentit/css/images/ui-bg_flat_0_aaaaaa_40x100.html]
[rentit.wpmix.net/wp-content/themes/rentit/css/images/ui-anim_basic_16x16.html]
[rentit.wpmix.net/indexfe4f.html]
[rentit.wpmix.net/index8af0.html]
[rentit.wpmix.net/indexef78.html]
[rentit.wpmix.net/indexe31d.html]
[rentit.wpmix.net/index8c93.html]
[rentit.wpmix.net/shop/page/2/index.html]
[rentit.wpmix.net/wp-content/uploads/bfi_thumb/car-600x426x1-mveonob3mkda9h5z7foilkzn42c3bbm7eu14ltvqm4.jpg]
[rentit.wpmix.net/shop/page/3/index.html]
[rentit.wpmix.net/shop/page/4/index.html]
[rentit.wpmix.net/product-tag/honda/index.html]
[rentit.wpmix.net/product/vw-polo-trendline-2-0-tdi-2/index.html]
[rentit.wpmix.net/author/cpadmin/page/2/index.html]
[rentit.wpmix.net/product-tag/renoult/index.html]
[rentit.wpmix.net/product/honda-civic-elegance/index.html]
[rentit.wpmix.net/product-tag/honda/feed/index.html]
[rentit.wpmix.net/product-tag/toyota/index.html]
[rentit.wpmix.net/shop/feed/indexf3d5.html]
[rentit.wpmix.net/product/vw-polo-trendline-2-0-tdi/index.html]
[rentit.wpmix.net/product-tag/vw/index.html]
[rentit.wpmix.net/product-tag/renoult/feed/index.html]
[rentit.wpmix.net/shop/feed/index64ab.html]
[rentit.wpmix.net/product/renoult-megane/index.html]
[rentit.wpmix.net/shop/page/2/indexb92a.html]
[rentit.wpmix.net/product-tag/toyota/feed/index.html]
[rentit.wpmix.net/shop/page/3/indexb92a.html]
[rentit.wpmix.net/product-tag/vw/feed/index.html]
[rentit.wpmix.net/shop/feed/index0ea0.html]
[rentit.wpmix.net/shop/feed/indexad86.html]
[rentit.wpmix.net/shop/page/4/indexb92a.html]
[rentit.wpmix.net/shop/page/2/indexe9dc.html]
[rentit.wpmix.net/shop/page/3/indexe9dc.html]
[rentit.wpmix.net/shop/page/4/indexe9dc.html]
[rentit.wpmix.net/shop/page/2/index34e3.html]
[rentit.wpmix.net/shop/page/3/index34e3.html]
[rentit.wpmix.net/shop/page/4/index34e3.html]
[rentit.wpmix.net/index8c3c.html]
[rentit.wpmix.net/wp-content/uploads/bfi_thumb/shutterstock_229284226-mveonq6y3ibzazghd5krldqc3opugas05ihr0qp5v8.jpg]
[rentit.wpmix.net/category/about/index.html]
[rentit.wpmix.net/category/blockquote/index.html]
[rentit.wpmix.net/category/blockquote/feed/index.html]
[rentit.wpmix.net/product-tag/vw/page/2/index.html]
[rentit.wpmix.net/category/about/feed/index.html]
[rentit.wpmix.net/category/car-service/index.html]
[rentit.wpmix.net/category/news/index.html]
[rentit.wpmix.net/category/repair/index.html]
[rentit.wpmix.net/category/news/feed/index.html]
[rentit.wpmix.net/category/car-service/feed/index.html]
[rentit.wpmix.net/category/uncategorized/index.html]
[rentit.wpmix.net/category/repair/feed/index.html]
[rentit.wpmix.net/portfolio/toyota/index.html]
[rentit.wpmix.net/category/uncategorized/feed/index.html]
[rentit.wpmix.net/portfolio/toyota/feed/index.html]
[rentit.wpmix.net/wp-json/oembed/1.0/embeddf86.json]
[rentit.wpmix.net/wp-json/oembed/1.0/embed487f]
[rentit.wpmix.net/wp-content/uploads/bfi_thumb/1309442516840-mveonuw51oiex19nlplwfujn2m2oisanu5r6f4i704.jpg]
[rentit.wpmix.net/wp-content/uploads/2016/01/watchcaronline.blogspot.com-bf6b8e097bd64d12_New_Toyota_Sports_Car_C1.jpg]
[rentit.wpmix.net/wp-content/uploads/bfi_thumb/watchcaronline.blogspot.com-bf6b8e097bd64d12_New_Toyota_Sports_Car_C1-mveoo1h0dirf6b03jagafavv8b690o0s72bks28fsk.jpg]
[rentit.wpmix.net/wp-content/uploads/2016/01/hqdefault.jpg]
[rentit.wpmix.net/wp-content/uploads/bfi_thumb/hqdefault-mveont0go0fu9tcdwosnav0pvuby3e375wg7gkkzck.jpg]
[rentit.wpmix.net/wp-content/uploads/2016/01/article-2216108-15758AE8000005DC-317_468x286.jpg]
[rentit.wpmix.net/wp-content/uploads/bfi_thumb/article-2216108-15758AE8000005DC-317_468x286-mveonxpnm6m9vv5k58ts5bu0uros5vluujpmuye0hg.jpg]
[rentit.wpmix.net/portfolio/ut-labore-et-dolore/index.html]
[rentit.wpmix.net/wp-json/oembed/1.0/embed6439.json]
[rentit.wpmix.net/wp-json/oembed/1.0/embed3604]
[rentit.wpmix.net/wp-content/uploads/bfi_thumb/Peugeot-SR1-Concept-Car-01-mveonuw51oiex19nlplwfujn2m2oisanu5r6f4i704.jpg]
[rentit.wpmix.net/wp-content/uploads/bfi_thumb/peugeot-sr1-concept-mveonxpnm6m9vv5k58ts5bu0uros5vluujpmuye0hg.jpg]
[rentit.wpmix.net/wp-content/uploads/2016/01/Peugeot-Onyx-hybrid-sports-car-concept3.jpg]
[rentit.wpmix.net/wp-content/uploads/bfi_thumb/Peugeot-Onyx-hybrid-sports-car-concept3-mveoo667boxusct9ruhf9rp678j335jfvpl06g1gxg.jpg]
[rentit.wpmix.net/wp-content/uploads/bfi_thumb/peugeot-rcz-11-05-11-mveoo0j66oq4up1gos1nut4emxavsyx1uxo3as9tys.jpg]
[rentit.wpmix.net/portfolio/sed-do-eiusmod-tempor/index.html]
[rentit.wpmix.net/wp-json/oembed/1.0/embed33fd.json]
[rentit.wpmix.net/wp-content/uploads/bfi_thumb/noua_gama_opel_astra-_plus_de_varietate_motoare_si_dotari_de_inalta_tehnologie_4251-mveonzlbzuouj32tu9n1abcy1jfil9tbit0ltib850.jpg]
[rentit.wpmix.net/wp-json/oembed/1.0/embed086a]
[rentit.wpmix.net/wp-content/uploads/2016/01/2015-opel-astra-gtc.jpg]
[rentit.wpmix.net/wp-content/uploads/bfi_thumb/2015-opel-astra-gtc-mveont0go0fu9tcdwosnav0pvuby3e375wg7gkkzck.jpg]
[rentit.wpmix.net/wp-content/uploads/2016/01/Opel-Astra-GTC-2014.jpg]
[rentit.wpmix.net/wp-content/uploads/bfi_thumb/Opel-Astra-GTC-2014-mveonxpnm6m9vv5k58ts5bu0uros5vluujpmuye0hg.jpg]
[rentit.wpmix.net/wp-content/uploads/2016/01/maxresdefault.jpg]
[rentit.wpmix.net/wp-content/uploads/bfi_thumb/maxresdefault-mveoo1h0dirf6b03jagafavv8b690o0s72bks28fsk.jpg]
[rentit.wpmix.net/portfolio/nulla-vitae-elit/index.html]
[rentit.wpmix.net/wp-json/oembed/1.0/embedea28.json]
[rentit.wpmix.net/wp-json/oembed/1.0/embedcfcb]
[rentit.wpmix.net/wp-content/uploads/bfi_thumb/foto-opel-mokka_07-650x423-mveonzlbzuouj32tu9n1abcy1jfil9tbit0ltib850.jpg]
[rentit.wpmix.net/wp-content/uploads/bfi_thumb/48cf1095820bc671-main-mveonvtz8ijp8n8ag80j0cb3nzy1qhee6aenwegstw.jpg]
[rentit.wpmix.net/wp-content/uploads/2016/01/images-1.jpg]
[rentit.wpmix.net/wp-content/uploads/bfi_thumb/images-1-mveonzlbzuouj32tu9n1abcy1jfil9tbit0ltib850.jpg]
[rentit.wpmix.net/wp-content/uploads/bfi_thumb/image-bfbf7f92-980x550-mveoo667boxusct9ruhf9rp678j335jfvpl06g1gxg.jpg]
[rentit.wpmix.net/portfolio/cras-justo-odio/index.html]
[rentit.wpmix.net/wp-json/oembed/1.0/embedbe81.json]
[rentit.wpmix.net/wp-json/oembed/1.0/embedb01e]
[rentit.wpmix.net/wp-content/uploads/bfi_thumb/opel-astra-2010-17-mveonzlbzuouj32tu9n1abcy1jfil9tbit0ltib850.jpg]
[rentit.wpmix.net/wp-content/uploads/2016/01/opel-astra-iv_22686145.jpg]
[rentit.wpmix.net/wp-content/uploads/bfi_thumb/opel-astra-iv_22686145-mveonynht0nk7h46zr8eptlhg5k5dkpl6od4c8cmb8.jpg]
[rentit.wpmix.net/wp-content/uploads/2016/01/opel_astra_st_5.jpg]
[rentit.wpmix.net/wp-content/uploads/bfi_thumb/opel_astra_st_5-mveonuw51oiex19nlplwfujn2m2oisanu5r6f4i704.jpg]
[rentit.wpmix.net/wp-content/uploads/2016/01/opel_astra_kombi_246_254_head.jpg]
[rentit.wpmix.net/wp-content/uploads/bfi_thumb/opel_astra_kombi_246_254_head-mveontyauuh4lfb0r779vcs6h87bb36xi13oxujl6c.jpg]
[rentit.wpmix.net/portfolio/nulla-vitae/index.html]
[rentit.wpmix.net/wp-json/oembed/1.0/embed88fb.json]
[rentit.wpmix.net/wp-json/oembed/1.0/embedc814]
[rentit.wpmix.net/wp-content/uploads/bfi_thumb/960-mveonxpnm6m9vv5k58ts5bu0uros5vluujpmuye0hg.jpg]
[rentit.wpmix.net/wp-content/uploads/bfi_thumb/244657580_peugeot_407_2004_03-mveoo2eukcsphwyqdsuwzsnbtp1m8d4ij6z29c71mc.jpg]
[rentit.wpmix.net/wp-content/uploads/2016/01/obzor-peugeot-407.jpg]
[rentit.wpmix.net/wp-content/uploads/bfi_thumb/obzor-peugeot-407-mveoo1h0dirf6b03jagafavv8b690o0s72bks28fsk.jpg]
[rentit.wpmix.net/wp-content/uploads/bfi_thumb/Peugeot407sedan2-mveoo667boxusct9ruhf9rp678j335jfvpl06g1gxg.jpg]
[rentit.wpmix.net/portfolio/as-justo-odio/index.html]
[rentit.wpmix.net/wp-json/oembed/1.0/embedea75.json]
[rentit.wpmix.net/wp-json/oembed/1.0/embed6a2b]
[rentit.wpmix.net/wp-content/uploads/bfi_thumb/546abeb9a10ea_-_001bmwx5m-71596909-lg-mveoo741iiz53yrwmcw1u9gmsmegaun67u8hnq02r8.jpg]
[rentit.wpmix.net/wp-content/uploads/bfi_thumb/2015-bmw-x5-series_100487699_m-mveonzlbzuouj32tu9n1abcy1jfil9tbit0ltib850.jpg]
[rentit.wpmix.net/wp-content/uploads/2016/01/wpid-KuZg1hf_xp4.jpg]
[rentit.wpmix.net/wp-content/uploads/bfi_thumb/wpid-KuZg1hf_xp4-mveonuw51oiex19nlplwfujn2m2oisanu5r6f4i704.jpg]
[rentit.wpmix.net/wp-content/uploads/2016/01/bmw-x5-01.jpg]
[rentit.wpmix.net/wp-content/uploads/bfi_thumb/bmw-x5-01-mveoo667boxusct9ruhf9rp678j335jfvpl06g1gxg.jpg]
[rentit.wpmix.net/portfolio/incididunt-ut-labore-et/index.html]
[rentit.wpmix.net/wp-json/oembed/1.0/embed671e.json]
[rentit.wpmix.net/wp-json/oembed/1.0/embed84d8]
[rentit.wpmix.net/wp-content/uploads/bfi_thumb/rcz-17-mveoo4aiy0va54w02to64s690gscnrbz7ga17w499w.jpg]
[rentit.wpmix.net/wp-content/uploads/2016/01/Peugeot-RCZ-Meile_01.png]
[rentit.wpmix.net/wp-content/uploads/bfi_thumb/Peugeot-RCZ-Meile_01-mveoo3cor6tztixd8b9jkaesf2wzg288vbmjqm5ng4.png]
[rentit.wpmix.net/wp-content/uploads/2016/01/7fdfaf1eea6303d624deaface426e8a06bafcbf0.jpg]
[rentit.wpmix.net/wp-content/uploads/bfi_thumb/7fdfaf1eea6303d624deaface426e8a06bafcbf0-mveonvtz8ijp8n8ag80j0cb3nzy1qhee6aenwegstw.jpg]
[rentit.wpmix.net/wp-content/uploads/2016/01/peugeot-rcz-02.jpg]
[rentit.wpmix.net/wp-content/uploads/bfi_thumb/peugeot-rcz-02-mveonuw51oiex19nlplwfujn2m2oisanu5r6f4i704.jpg]
[rentit.wpmix.net/portfolio/10446/index.html]
[rentit.wpmix.net/wp-json/oembed/1.0/embed6541.json]
[rentit.wpmix.net/wp-json/oembed/1.0/embedf73c]
[rentit.wpmix.net/wp-content/uploads/bfi_thumb/BMW-M4-Coup-Frontansicht-729x486-e269b48ba872638e-1-mveonuw51oiex19nlplwfujn2m2oisanu5r6f4i704.jpg]
[rentit.wpmix.net/wp-content/uploads/2016/01/Violet-Blue-BMW-M4-15-750x500.jpg]
[rentit.wpmix.net/wp-content/uploads/bfi_thumb/Violet-Blue-BMW-M4-15-750x500-mveoo741iiz53yrwmcw1u9gmsmegaun67u8hnq02r8.jpg]
[rentit.wpmix.net/wp-content/uploads/2016/01/dinan-bmw-m4-03.jpg]
[rentit.wpmix.net/wp-content/uploads/bfi_thumb/dinan-bmw-m4-03-mveontyauuh4lfb0r779vcs6h87bb36xi13oxujl6c.jpg]
[rentit.wpmix.net/wp-content/uploads/2016/01/BMW-M4-GTS_1444204318.jpg]
[rentit.wpmix.net/wp-content/uploads/bfi_thumb/BMW-M4-GTS_1444204318-mveoo0j66oq4up1gos1nut4emxavsyx1uxo3as9tys.jpg]
[rentit.wpmix.net/portfolio/lorem-ipsum-2/index.html]
[rentit.wpmix.net/wp-json/oembed/1.0/embed5783.json]
[rentit.wpmix.net/wp-json/oembed/1.0/embed5a25]
[rentit.wpmix.net/wp-content/uploads/bfi_thumb/mercedes-amg-gt-front-xlarge-large_transrWYeUU_H0zBKyvljOo6zlkYMapKPjdhyLnv9ax6_too-mveoo1h0dirf6b03jagafavv8b690o0s72bks28fsk.jpg]
[rentit.wpmix.net/wp-content/uploads/2016/01/Mercedes-AMG-GT-спорткар.jpg]
[rentit.wpmix.net/wp-content/uploads/bfi_thumb/Mercedes-AMG-GT-спорткар-mveont0go0fu9tcdwosnav0pvuby3e375wg7gkkzck.jpg]
[rentit.wpmix.net/wp-content/uploads/2016/01/mercedes-benz-sls-amg-bs-1jpg.jpg]
[rentit.wpmix.net/wp-content/uploads/bfi_thumb/mercedes-benz-sls-amg-bs-1jpg-mveonzlbzuouj32tu9n1abcy1jfil9tbit0ltib850.jpg]
[rentit.wpmix.net/wp-content/uploads/2016/01/merc-amg-gt3-news-002new.jpg]
[rentit.wpmix.net/wp-content/uploads/bfi_thumb/merc-amg-gt3-news-002new-mveoo58d4uwkgqumxc2sp9xplunpvgfpjkxip62v3o.jpg]
[rentit.wpmix.net/portfolio/lorem-ipsum-4/index.html]
[rentit.wpmix.net/wp-json/oembed/1.0/embedf59a.json]
[rentit.wpmix.net/wp-json/oembed/1.0/embeda4a1]
[rentit.wpmix.net/wp-content/uploads/bfi_thumb/bmw-i8-03-mveonuw51oiex19nlplwfujn2m2oisanu5r6f4i704.jpg]
[rentit.wpmix.net/wp-content/uploads/2016/01/088_BMW_i8-new.jpg]
[rentit.wpmix.net/wp-content/uploads/bfi_thumb/088_BMW_i8-new-mveoo58d4uwkgqumxc2sp9xplunpvgfpjkxip62v3o.jpg]
[rentit.wpmix.net/wp-content/uploads/2016/01/02-2015-bmw-i8-fd-1.jpg]
[rentit.wpmix.net/wp-content/uploads/bfi_thumb/02-2015-bmw-i8-fd-1-mveonynht0nk7h46zr8eptlhg5k5dkpl6od4c8cmb8.jpg]
[rentit.wpmix.net/wp-content/uploads/2016/01/2014-bmw-i8-right-side-view-doors-open.jpg]
[rentit.wpmix.net/wp-content/uploads/bfi_thumb/2014-bmw-i8-right-side-view-doors-open-mveonxpnm6m9vv5k58ts5bu0uros5vluujpmuye0hg.jpg]
[rentit.wpmix.net/portfolio/lorem-ipsum-3/index.html]
[rentit.wpmix.net/wp-json/oembed/1.0/embed697d.json]
[rentit.wpmix.net/wp-content/uploads/bfi_thumb/mercedes-benz-04-mveonvtz8ijp8n8ag80j0cb3nzy1qhee6aenwegstw.jpg]
[rentit.wpmix.net/wp-json/oembed/1.0/embedf6c2]
[rentit.wpmix.net/wp-content/uploads/2016/01/02_mercedes_slc_amg_2012.jpg]
[rentit.wpmix.net/wp-content/uploads/bfi_thumb/02_mercedes_slc_amg_2012-mveoo3cor6tztixd8b9jkaesf2wzg288vbmjqm5ng4.jpg]
[rentit.wpmix.net/wp-content/uploads/2016/01/14C303_04.jpg]
[rentit.wpmix.net/wp-content/uploads/bfi_thumb/14C303_04-mveonwrtfckzk96xaqf5ku2k9dtey6i4if25dofeno.jpg]
[rentit.wpmix.net/wp-content/uploads/2016/01/The-Brand-New-Mercedes-Benz-E-63-AMG-2013.png]
[rentit.wpmix.net/wp-content/uploads/bfi_thumb/The-Brand-New-Mercedes-Benz-E-63-AMG-2013-mveontyauuh4lfb0r779vcs6h87bb36xi13oxujl6c.png]
[rentit.wpmix.net/portfolio/10398/index.html]
[rentit.wpmix.net/wp-json/oembed/1.0/embedad26.json]
[rentit.wpmix.net/wp-json/oembed/1.0/embed15e6]
[rentit.wpmix.net/wp-content/uploads/bfi_thumb/lexus-03-mveonvtz8ijp8n8ag80j0cb3nzy1qhee6aenwegstw.jpg]
[rentit.wpmix.net/wp-content/uploads/2016/01/51b1e2ae94a6568d81000037.jpg]
[rentit.wpmix.net/wp-content/uploads/bfi_thumb/51b1e2ae94a6568d81000037-mveoo1h0dirf6b03jagafavv8b690o0s72bks28fsk.jpg]
[rentit.wpmix.net/wp-content/uploads/2016/01/lexus-nx.jpg]
[rentit.wpmix.net/wp-content/uploads/bfi_thumb/lexus-nx-mveoo2eukcsphwyqdsuwzsnbtp1m8d4ij6z29c71mc.jpg]
[rentit.wpmix.net/wp-content/uploads/2016/01/lexus-is.jpg]
[rentit.wpmix.net/wp-content/uploads/bfi_thumb/lexus-is-mveonxpnm6m9vv5k58ts5bu0uros5vluujpmuye0hg.jpg]
[rentit.wpmix.net/portfolio/lorem-ipsum/index.html]
[rentit.wpmix.net/wp-json/oembed/1.0/embed4a2a.json]
[rentit.wpmix.net/wp-json/oembed/1.0/embedc469]
[rentit.wpmix.net/wp-content/uploads/bfi_thumb/mercgle133-mveoo4aiy0va54w02to64s690gscnrbz7ga17w499w.jpg]
[rentit.wpmix.net/wp-content/uploads/bfi_thumb/2016-GLE-CLASS-COUPE-FUTURE-GALLERY-010-GOE-D-mveoo58d4uwkgqumxc2sp9xplunpvgfpjkxip62v3o.jpg]
[rentit.wpmix.net/wp-content/uploads/2016/01/6958.jpg]
[rentit.wpmix.net/wp-content/uploads/bfi_thumb/6958-mveoo3cor6tztixd8b9jkaesf2wzg288vbmjqm5ng4.jpg]
[rentit.wpmix.net/wp-content/uploads/bfi_thumb/1418212929_2016-mercedes-benz-gle-coupe-2556-mveoo3cor6tztixd8b9jkaesf2wzg288vbmjqm5ng4.jpg]
[rentit.wpmix.net/portfolio/dapibus-ac/index.html]
[rentit.wpmix.net/wp-json/oembed/1.0/embed8d2e.json]
[rentit.wpmix.net/wp-json/oembed/1.0/embed972c]
[rentit.wpmix.net/wp-content/uploads/bfi_thumb/buyers_guide_-_hyundai_ix20_2014_-_front_quarter-mveoo3cor6tztixd8b9jkaesf2wzg288vbmjqm5ng4.jpg]
[rentit.wpmix.net/wp-content/uploads/bfi_thumb/hw0724011-mveoo4aiy0va54w02to64s690gscnrbz7ga17w499w.png]
[rentit.wpmix.net/wp-content/uploads/2016/01/hyundai-12.jpg]
[rentit.wpmix.net/wp-content/uploads/bfi_thumb/hyundai-12-mveoo4aiy0va54w02to64s690gscnrbz7ga17w499w.jpg]
[rentit.wpmix.net/wp-content/uploads/2016/01/03-2016-hyundai-tucson-fd-1.jpg]
[rentit.wpmix.net/wp-content/uploads/bfi_thumb/03-2016-hyundai-tucson-fd-1-mveonvtz8ijp8n8ag80j0cb3nzy1qhee6aenwegstw.jpg]
[rentit.wpmix.net/portfolio/ut-enim-ad-minim/index.html]
[rentit.wpmix.net/wp-json/oembed/1.0/embedc302.json]
[rentit.wpmix.net/wp-json/oembed/1.0/embede400]
[rentit.wpmix.net/wp-content/uploads/bfi_thumb/suzuki-mveonxpnm6m9vv5k58ts5bu0uros5vluujpmuye0hg.jpg]
[rentit.wpmix.net/wp-content/uploads/bfi_thumb/suzuki-3-mveonxpnm6m9vv5k58ts5bu0uros5vluujpmuye0hg.jpg]
[rentit.wpmix.net/wp-content/uploads/2016/01/suzuki-2.jpg]
[rentit.wpmix.net/wp-content/uploads/bfi_thumb/suzuki-2-mveonuw51oiex19nlplwfujn2m2oisanu5r6f4i704.jpg]
[rentit.wpmix.net/wp-content/uploads/2016/01/suzuki-1.jpg]
[rentit.wpmix.net/wp-content/uploads/bfi_thumb/suzuki-1-mveoo3cor6tztixd8b9jkaesf2wzg288vbmjqm5ng4.jpg]
[rentit.wpmix.net/portfolio/magna-aliqua/index.html]
[rentit.wpmix.net/portfolio/peugeot/index.html]
[rentit.wpmix.net/portfolio/peugeot/feed/index.html]
[rentit.wpmix.net/portfolio/opel/index.html]
[rentit.wpmix.net/portfolio/bmw/index.html]
[rentit.wpmix.net/portfolio/opel/feed/index.html]
[rentit.wpmix.net/portfolio/bmw/feed/index.html]
[rentit.wpmix.net/portfolio/mercedes/index.html]
[rentit.wpmix.net/index4fc6.html]
[rentit.wpmix.net/wp-content/uploads/2016/01/toyota-corolla-01.png]
[rentit.wpmix.net/portfolio/mercedes/feed/index.html]
[rentit.wpmix.net/index2b61.html]
[rentit.wpmix.net/index9fff.html]
[rentit.wpmix.net/wp-json/oembed/1.0/embedd75f.json]
[rentit.wpmix.net/2015/10/17/post-gallery/feed/index.html]
[rentit.wpmix.net/2015/10/17/post-gallery/index.html]
[rentit.wpmix.net/wp-json/oembed/1.0/embed9d08]
[rentit.wpmix.net/2015/10/13/amazing-cars-here-and-best-offer-waits-for-you-2/feed/index.html]
[rentit.wpmix.net/wp-json/oembed/1.0/embed41b5.json]
[rentit.wpmix.net/wp-json/oembed/1.0/embedc398]
[rentit.wpmix.net/wp-content/uploads/bfi_thumb/12-mveonndawcutydxxoxz223jed34xay33a7wtqtifx0.jpg]
[rentit.wpmix.net/2015/10/13/amazing-cars-here-and-best-offer-waits-for-you-2/index.html]
[rentit.wpmix.net/wp-json/oembed/1.0/embedd6e0.json]
[rentit.wpmix.net/2015/10/12/professional-car-rental-4/feed/index.html]
[rentit.wpmix.net/wp-content/uploads/bfi_thumb/shutterstock_233708863-mveonob536w49zwkjgdomlauyh0ain6tmckb83h1qs.jpg]
[rentit.wpmix.net/2015/10/12/professional-car-rental-4/index.html]
[rentit.wpmix.net/wp-json/oembed/1.0/embed5636]
[rentit.wpmix.net/2016/05/index.html]
[rentit.wpmix.net/2016/05/13/standard-vimeo-video-blog-post-header-2/feed/index.html]
[rentit.wpmix.net/wp-json/oembed/1.0/embedeb60.json]
[rentit.wpmix.net/wp-json/oembed/1.0/embed1ef4]
[rentit.wpmix.net/wp-content/uploads/bfi_thumb/preview_48351505-mveonob536w49zwkjgdomlauyh0ain6tmckb83h1qs.jpg]
[rentit.wpmix.net/2016/05/13/standard-vimeo-video-blog-post-header-2/index.html]
[rentit.wpmix.net/2015/12/index.html]
[rentit.wpmix.net/2015/12/16/news-gallery/feed/index.html]
[rentit.wpmix.net/wp-json/oembed/1.0/embed3d7a.json]
[rentit.wpmix.net/2015/12/16/news-gallery/index.html]
[rentit.wpmix.net/2015/10/index.html]
[rentit.wpmix.net/wp-json/oembed/1.0/embed3f46]
[rentit.wpmix.net/2015/10/17/blockquote/feed/index.html]
[rentit.wpmix.net/wp-json/oembed/1.0/embedf344.json]
[rentit.wpmix.net/2015/10/page/2/index.html]
[rentit.wpmix.net/2015/10/17/blockquote/index.html]
[rentit.wpmix.net/wp-json/oembed/1.0/embed17da]
[rentit.wpmix.net/2015/10/17/standard-vimeo-video-blog-post-header/feed/index.html]
[rentit.wpmix.net/wp-json/oembed/1.0/embed7a40.json]
[rentit.wpmix.net/2015/10/17/standard-vimeo-video-blog-post-header/index.html]
[rentit.wpmix.net/wp-json/oembed/1.0/embed5052]
[rentit.wpmix.net/2015/10/13/amazing-cars-here-and-best-offer-waits-for-you/feed/index.html]
[rentit.wpmix.net/wp-json/oembed/1.0/embed9f8e.json]
[rentit.wpmix.net/2015/10/13/amazing-cars-here-and-best-offer-waits-for-you/index.html]
[rentit.wpmix.net/indexee6a.html]
[rentit.wpmix.net/wp-content/plugins/woocommerce/assets/css/prettyPhotoc141.css]
[rentit.wpmix.net/indexa784.html]
[rentit.wpmix.net/product-category/popular-cars/index.html]
[rentit.wpmix.net/wp-json/oembed/1.0/embed23d8]
[rentit.wpmix.net/product-category/popular-cars/feed/index.html]
[rentit.wpmix.net/shop/feed/index4c42.html]
[rentit.wpmix.net/index9793.html]
[rentit.wpmix.net/index8599.html]
[rentit.wpmix.net/wp-content/plugins/woocommerce/assets/css/select2c141.css]
[rentit.wpmix.net/product-category/popular-cars/page/2/index.html]
[rentit.wpmix.net/wp-includes/js/zxcvbn-async.min5152.js]
[rentit.wpmix.net/wp-json/oembed/1.0/embedc6f1.json]
[rentit.wpmix.net/my-account/index.html]
[rentit.wpmix.net/wp-json/oembed/1.0/embedbc35]
[rentit.wpmix.net/wp-admin/js/password-strength-meter.min67d0.js]
[rentit.wpmix.net/wp-content/plugins/woocommerce/assets/js/frontend/password-strength-meter.minc141.js]
[rentit.wpmix.net/my-account/lost-password/index.html]
[rentit.wpmix.net/indexfa65.html]
[rentit.wpmix.net/wp-content/plugins/woocommerce/assets/js/frontend/lost-password.minc141.js]
[rentit.wpmix.net/wp-content/plugins/woocommerce/assets/js/select2/select2.mine248.js]
[rentit.wpmix.net/2015/10/12/professional-car-rental-3/feed/index.html]
[rentit.wpmix.net/wp-json/oembed/1.0/embed97d0.json]
[rentit.wpmix.net/2015/10/12/professional-car-rental-3/index.html]
[rentit.wpmix.net/tag/car/index.html]
[rentit.wpmix.net/index4dfd.html]
[rentit.wpmix.net/2015/10/12/professional-car-rental-2/index0e22.html]
[rentit.wpmix.net/2015/10/12/professional-car-rental-2/indexbed3.html]
[rentit.wpmix.net/2015/10/12/professional-car-rental-2/index5cd6.html]
[rentit.wpmix.net/2015/10/12/professional-car-rental-2/index5785.html]
[rentit.wpmix.net/index1e0e.html]
[rentit.wpmix.net/indexfcbe.html]
[rentit.wpmix.net/product-category/economic-cars/index.html]
[rentit.wpmix.net/tag/car/feed/index.html]
[rentit.wpmix.net/wp-json/oembed/1.0/embed8eee]
[rentit.wpmix.net/indexac7b.html]
[rentit.wpmix.net/index220b.html]
[rentit.wpmix.net/indexb39c.html]
[rentit.wpmix.net/product-category/economic-cars/feed/index.html]
[rentit.wpmix.net/shop/feed/indexd1c6.html]
[rentit.wpmix.net/product/toyota-corolla-1-6-elegant/feed/index.html]
[rentit.wpmix.net/wp-json/oembed/1.0/embeda10c.json]
[rentit.wpmix.net/wp-json/oembed/1.0/embed11bc]
[rentit.wpmix.net/wp-content/uploads/bfi_thumb/hqdefault-mveont0ddlrbmhuhbmjwltcz4ypg2g20jmdl28dajo.jpg]
[rentit.wpmix.net/wp-content/uploads/bfi_thumb/bmw-x5-01-mveoo6641a9c51bd6s8okq1fgcwl27i99fids3ts4k.jpg]
[rentit.wpmix.net/wp-content/uploads/bfi_thumb/hqdefault-mveont06x677oqry9r9l1rfvicvx6s9d2z80e5e2bg.jpg]
[rentit.wpmix.net/wp-content/uploads/bfi_thumb/bmw-x5-01-mveoo65xkup87a8u4wyd0o4btr326jplssct40ujwc.jpg]
[rentit.wpmix.net/product/toyota-corolla-1-6-elegant/index.html]
[rentit.wpmix.net/wp-json/oembed/1.0/embede1cd.json]
[rentit.wpmix.net/product/renoult-megane-2/feed/index.html]
[rentit.wpmix.net/product/renoult-megane-2/index.html]
[rentit.wpmix.net/index9af0.html]
[rentit.wpmix.net/product-category/best-offers/index.html]
[rentit.wpmix.net/wp-json/oembed/1.0/embed6205]
[rentit.wpmix.net/index9c7e.html]
[rentit.wpmix.net/indexce1b.html]
[rentit.wpmix.net/indexbfb6.html]
[rentit.wpmix.net/index495a.html]
[rentit.wpmix.net/index9c1c.html]
[rentit.wpmix.net/product-category/best-offers/feed/index.html]
[rentit.wpmix.net/product-category/best-offers/page/2/index.html]
[rentit.wpmix.net/product/toyota-corolla-1-6-elegant-2/feed/index.html]
[rentit.wpmix.net/shop/feed/index6b6d.html]
[rentit.wpmix.net/wp-json/oembed/1.0/embed0066.json]
[rentit.wpmix.net/product/toyota-corolla-1-6-elegant-2/index.html]
[rentit.wpmix.net/index4556.html]
[rentit.wpmix.net/index7058.html]
[rentit.wpmix.net/index004f.html]
[rentit.wpmix.net/author/cpadmin/page/2/index.html]
[rentit.wpmix.net/wp-json/oembed/1.0/embed3eee]
[rentit.wpmix.net/wp-json/oembed/1.0/embedd5e6.json]
[rentit.wpmix.net/product/vw-polo-trendline-2-0-tdi-2/feed/index.html]
[rentit.wpmix.net/wp-json/oembed/1.0/embed0f7b]
[rentit.wpmix.net/wp-content/uploads/bfi_thumb/Mercedes-AMG-GT-спорткар-mveont0ddlrbmhuhbmjwltcz4ypg2g20jmdl28dajo.jpg]
[rentit.wpmix.net/wp-content/uploads/bfi_thumb/Mercedes-AMG-GT-спорткар-mveont06x677oqry9r9l1rfvicvx6s9d2z80e5e2bg.jpg]
[rentit.wpmix.net/product/vw-polo-trendline-2-0-tdi-2/index.html]
[rentit.wpmix.net/product/honda-civic-elegance/feed/index.html]
[rentit.wpmix.net/wp-json/oembed/1.0/embed8716.json]
[rentit.wpmix.net/product/honda-civic-elegance/index.html]
[rentit.wpmix.net/wp-json/oembed/1.0/embedbf7b]
[rentit.wpmix.net/wp-json/oembed/1.0/embed8184.json]
[rentit.wpmix.net/product/vw-polo-trendline-2-0-tdi/feed/index.html]
[rentit.wpmix.net/wp-json/oembed/1.0/embedd22a]
[rentit.wpmix.net/wp-content/uploads/bfi_thumb/960-mveonxpkbrxr8jnnk6l1ga6a3w2a4xko89n0gm6bok.jpg]
[rentit.wpmix.net/wp-content/uploads/bfi_thumb/960-mveonxpdvcdnasl4ibapw896ha8r99s0rmhfsj73gc.jpg]
[rentit.wpmix.net/product/vw-polo-trendline-2-0-tdi/index.html]
[rentit.wpmix.net/product/renoult-megane/feed/index.html]
[rentit.wpmix.net/wp-json/oembed/1.0/embed7cfd.json]
[rentit.wpmix.net/product/renoult-megane/index.html]
[rentit.wpmix.net/product-tag/vw/page/2/index.html]
[rentit.wpmix.net/index40c2.html]
[rentit.wpmix.net/index3362.html]
[rentit.wpmix.net/indexf228.html]
[rentit.wpmix.net/index77b6.html]
[rentit.wpmix.net/index34f2.html]
[rentit.wpmix.net/index831c.html]
[rentit.wpmix.net/indexa997.html]
[rentit.wpmix.net/index1815.html]
[rentit.wpmix.net/index9ca7.html]
[rentit.wpmix.net/index99f2.html]
[rentit.wpmix.net/indexe088.html]
[rentit.wpmix.net/index0e3c.html]
[rentit.wpmix.net/wp-content/uploads/bfi_thumb/Peugeot-RCZ-Meile_01-mveoo3cor6tztixd8b9jkaesf2wzg288vbmjqm5ng4.png]
[rentit.wpmix.net/wp-content/uploads/2016/01/14C303_04.jpg]
[rentit.wpmix.net/wp-content/uploads/2016/01/The-Brand-New-Mercedes-Benz-E-63-AMG-2013.png]
[rentit.wpmix.net/wp-json/oembed/1.0/embede6c9]
[rentit.wpmix.net/index25ac.html]
[rentit.wpmix.net/index2e65.html]
[rentit.wpmix.net/index7189.html]
[rentit.wpmix.net/indexa0d7.html]
[rentit.wpmix.net/index7245.html]
[rentit.wpmix.net/index9f9f.html]
[rentit.wpmix.net/indexbfe5.html]
[rentit.wpmix.net/indexeab1.html]
[rentit.wpmix.net/index278d.html]
[rentit.wpmix.net/2015/10/page/2/index.html]
[rentit.wpmix.net/index4100.html]
[rentit.wpmix.net/index2d8d.html]
[rentit.wpmix.net/index6057.html]
[rentit.wpmix.net/product-category/popular-cars/page/2/index.html]
[rentit.wpmix.net/wp-content/plugins/woocommerce/assets/images/select2.png]
[rentit.wpmix.net/wp-content/plugins/woocommerce/assets/images/select2-spinner.gif]
[rentit.wpmix.net/wp-content/plugins/woocommerce/assets/images/select2x2.png]
[rentit.wpmix.net/wp-content/plugins/woocommerce/assets/css/select2c141.css]
[rentit.wpmix.net/my-account/index.html]
[rentit.wpmix.net/indexf42c.html]
[rentit.wpmix.net/index6093.html]
[rentit.wpmix.net/index4eec.html]
[rentit.wpmix.net/indexa07d.html]
[rentit.wpmix.net/product-category/best-offers/page/2/index.html]
[rentit.wpmix.net/indexeeaa.html]
[rentit.wpmix.net/index8c58.html]
[rentit.wpmix.net/indexb675.html]
[rentit.wpmix.net/indexf16d.html]
[rentit.wpmix.net/indexc11a.html]
